Check file:///D:/Users/Andrew Wilks/Projects/portfolio-card-splitter-v2/backend/__tests__/config.test.ts
Check file:///D:/Users/Andrew Wilks/Projects/portfolio-card-splitter-v2/backend/__tests__/db/db.client.test.ts
Check file:///D:/Users/Andrew Wilks/Projects/portfolio-card-splitter-v2/backend/__tests__/db/db.schema.test.ts
Check file:///D:/Users/Andrew Wilks/Projects/portfolio-card-splitter-v2/backend/__tests__/db/drizzle.config.test.ts
Check file:///D:/Users/Andrew Wilks/Projects/portfolio-card-splitter-v2/backend/__tests__/db/helpers/clearData.test.ts
Check file:///D:/Users/Andrew Wilks/Projects/portfolio-card-splitter-v2/backend/__tests__/db/index.test.ts
Check file:///D:/Users/Andrew Wilks/Projects/portfolio-card-splitter-v2/backend/__tests__/di/index.test.ts
Check file:///D:/Users/Andrew Wilks/Projects/portfolio-card-splitter-v2/backend/__tests__/di/repositories.test.ts
Check file:///D:/Users/Andrew Wilks/Projects/portfolio-card-splitter-v2/backend/__tests__/di/routes.test.ts
Check file:///D:/Users/Andrew Wilks/Projects/portfolio-card-splitter-v2/backend/__tests__/di/services.test.ts
Check file:///D:/Users/Andrew Wilks/Projects/portfolio-card-splitter-v2/backend/__tests__/index.test.ts
Check file:///D:/Users/Andrew Wilks/Projects/portfolio-card-splitter-v2/backend/__tests__/index.ts
Check file:///D:/Users/Andrew Wilks/Projects/portfolio-card-splitter-v2/backend/__tests__/integration/card.test.ts
Check file:///D:/Users/Andrew Wilks/Projects/portfolio-card-splitter-v2/backend/__tests__/integration/cardAccount.test.ts
Check file:///D:/Users/Andrew Wilks/Projects/portfolio-card-splitter-v2/backend/__tests__/integration/cardAccountSettings.test.ts
Check file:///D:/Users/Andrew Wilks/Projects/portfolio-card-splitter-v2/backend/__tests__/integration/testHelpers.ts
Check file:///D:/Users/Andrew Wilks/Projects/portfolio-card-splitter-v2/backend/__tests__/middleware/auth.test.ts
Check file:///D:/Users/Andrew Wilks/Projects/portfolio-card-splitter-v2/backend/__tests__/middleware/error.test.ts
Check file:///D:/Users/Andrew Wilks/Projects/portfolio-card-splitter-v2/backend/__tests__/middleware/index.test.ts
Check file:///D:/Users/Andrew Wilks/Projects/portfolio-card-splitter-v2/backend/__tests__/middleware/validation.test.ts
Check file:///D:/Users/Andrew Wilks/Projects/portfolio-card-splitter-v2/backend/__tests__/repositories/cardAccountRepository.test.ts
Check file:///D:/Users/Andrew Wilks/Projects/portfolio-card-splitter-v2/backend/__tests__/repositories/cardAccountSettingsRepository.test.ts
Check file:///D:/Users/Andrew Wilks/Projects/portfolio-card-splitter-v2/backend/__tests__/repositories/cardRepository.test.ts
Check file:///D:/Users/Andrew Wilks/Projects/portfolio-card-splitter-v2/backend/__tests__/repositories/eventRepository.test.ts
Check file:///D:/Users/Andrew Wilks/Projects/portfolio-card-splitter-v2/backend/__tests__/repositories/inviteTokenRepository.test.ts
Check file:///D:/Users/Andrew Wilks/Projects/portfolio-card-splitter-v2/backend/__tests__/repositories/memberRepository.test.ts
Check file:///D:/Users/Andrew Wilks/Projects/portfolio-card-splitter-v2/backend/__tests__/repositories/merchantRepository.test.ts
Check file:///D:/Users/Andrew Wilks/Projects/portfolio-card-splitter-v2/backend/__tests__/repositories/passwordResetTokenRepository.test.ts
Check file:///D:/Users/Andrew Wilks/Projects/portfolio-card-splitter-v2/backend/__tests__/repositories/paymentRepository.test.ts
Check file:///D:/Users/Andrew Wilks/Projects/portfolio-card-splitter-v2/backend/__tests__/repositories/potRepository.test.ts
Check file:///D:/Users/Andrew Wilks/Projects/portfolio-card-splitter-v2/backend/__tests__/repositories/reservationRepository.test.ts
Check file:///D:/Users/Andrew Wilks/Projects/portfolio-card-splitter-v2/backend/__tests__/repositories/sessionRepository.test.ts
Check file:///D:/Users/Andrew Wilks/Projects/portfolio-card-splitter-v2/backend/__tests__/repositories/tagRepository.test.ts
Check file:///D:/Users/Andrew Wilks/Projects/portfolio-card-splitter-v2/backend/__tests__/repositories/transactionRepository.test.ts
Check file:///D:/Users/Andrew Wilks/Projects/portfolio-card-splitter-v2/backend/__tests__/repositories/transferRepository.test.ts
Check file:///D:/Users/Andrew Wilks/Projects/portfolio-card-splitter-v2/backend/__tests__/repositories/userRepository.test.ts
Check file:///D:/Users/Andrew Wilks/Projects/portfolio-card-splitter-v2/backend/__tests__/routes/auth/api_auth_acceptInvite.test.ts
Check file:///D:/Users/Andrew Wilks/Projects/portfolio-card-splitter-v2/backend/__tests__/routes/auth/api_auth_bootstrap.test.ts
Check file:///D:/Users/Andrew Wilks/Projects/portfolio-card-splitter-v2/backend/__tests__/routes/auth/api_auth_invite.test.ts
Check file:///D:/Users/Andrew Wilks/Projects/portfolio-card-splitter-v2/backend/__tests__/routes/auth/api_auth_login.test.ts
Check file:///D:/Users/Andrew Wilks/Projects/portfolio-card-splitter-v2/backend/__tests__/routes/auth/api_auth_logout.test.ts
Check file:///D:/Users/Andrew Wilks/Projects/portfolio-card-splitter-v2/backend/__tests__/routes/auth/api_auth_requestReset.test.ts
Check file:///D:/Users/Andrew Wilks/Projects/portfolio-card-splitter-v2/backend/__tests__/routes/auth/api_auth_resetPassword.test.ts
Check file:///D:/Users/Andrew Wilks/Projects/portfolio-card-splitter-v2/backend/__tests__/routes/cardAccounts/api_card_account_settings_get.test.ts
Check file:///D:/Users/Andrew Wilks/Projects/portfolio-card-splitter-v2/backend/__tests__/routes/cardAccounts/api_card_account_settings_reset.test.ts
Check file:///D:/Users/Andrew Wilks/Projects/portfolio-card-splitter-v2/backend/__tests__/routes/cardAccounts/api_card_account_settings_update.test.ts
Check file:///D:/Users/Andrew Wilks/Projects/portfolio-card-splitter-v2/backend/__tests__/routes/cardAccounts/api_card_accounts_create.test.ts
Check file:///D:/Users/Andrew Wilks/Projects/portfolio-card-splitter-v2/backend/__tests__/routes/cardAccounts/api_card_accounts_delete.test.ts
Check file:///D:/Users/Andrew Wilks/Projects/portfolio-card-splitter-v2/backend/__tests__/routes/cardAccounts/api_card_accounts_get.test.ts
Check file:///D:/Users/Andrew Wilks/Projects/portfolio-card-splitter-v2/backend/__tests__/routes/cardAccounts/api_card_accounts_list.test.ts
Check file:///D:/Users/Andrew Wilks/Projects/portfolio-card-splitter-v2/backend/__tests__/routes/cardAccounts/api_card_accounts_update.test.ts
Check file:///D:/Users/Andrew Wilks/Projects/portfolio-card-splitter-v2/backend/__tests__/routes/cards/api_cards_create.test.ts
Check file:///D:/Users/Andrew Wilks/Projects/portfolio-card-splitter-v2/backend/__tests__/routes/cards/api_cards_delete.test.ts
Check file:///D:/Users/Andrew Wilks/Projects/portfolio-card-splitter-v2/backend/__tests__/routes/cards/api_cards_get.test.ts
Check file:///D:/Users/Andrew Wilks/Projects/portfolio-card-splitter-v2/backend/__tests__/routes/cards/api_cards_list.test.ts
Check file:///D:/Users/Andrew Wilks/Projects/portfolio-card-splitter-v2/backend/__tests__/routes/cards/api_cards_update.test.ts
Check file:///D:/Users/Andrew Wilks/Projects/portfolio-card-splitter-v2/backend/__tests__/routes/health.test.ts
Check file:///D:/Users/Andrew Wilks/Projects/portfolio-card-splitter-v2/backend/__tests__/routes/index.test.ts
Check file:///D:/Users/Andrew Wilks/Projects/portfolio-card-splitter-v2/backend/__tests__/routes/merchants/api_merchants_list.test.ts
Check file:///D:/Users/Andrew Wilks/Projects/portfolio-card-splitter-v2/backend/__tests__/routes/people/api_people_create.test.ts
Check file:///D:/Users/Andrew Wilks/Projects/portfolio-card-splitter-v2/backend/__tests__/routes/people/api_people_list.test.ts
Check file:///D:/Users/Andrew Wilks/Projects/portfolio-card-splitter-v2/backend/__tests__/routes/people/api_people_update.test.ts
Check file:///D:/Users/Andrew Wilks/Projects/portfolio-card-splitter-v2/backend/__tests__/routes/root.test.ts
Check file:///D:/Users/Andrew Wilks/Projects/portfolio-card-splitter-v2/backend/__tests__/routes/transactions/api_transactions_create.test.ts
Check file:///D:/Users/Andrew Wilks/Projects/portfolio-card-splitter-v2/backend/__tests__/routes/transactions/api_transactions_list.test.ts
Check file:///D:/Users/Andrew Wilks/Projects/portfolio-card-splitter-v2/backend/__tests__/routes/transactions/api_transactions_update.test.ts
Check file:///D:/Users/Andrew Wilks/Projects/portfolio-card-splitter-v2/backend/__tests__/server.test.ts
Check file:///D:/Users/Andrew Wilks/Projects/portfolio-card-splitter-v2/backend/__tests__/serverTestHelper.ts
Check file:///D:/Users/Andrew Wilks/Projects/portfolio-card-splitter-v2/backend/__tests__/services/auditService.test.ts
Check file:///D:/Users/Andrew Wilks/Projects/portfolio-card-splitter-v2/backend/__tests__/services/authService.test.ts
Check file:///D:/Users/Andrew Wilks/Projects/portfolio-card-splitter-v2/backend/__tests__/services/cardAccountService.test.ts
Check file:///D:/Users/Andrew Wilks/Projects/portfolio-card-splitter-v2/backend/__tests__/services/cardAccountSettingsService.test.ts
Check file:///D:/Users/Andrew Wilks/Projects/portfolio-card-splitter-v2/backend/__tests__/services/cardService.test.ts
Check file:///D:/Users/Andrew Wilks/Projects/portfolio-card-splitter-v2/backend/__tests__/services/ledgerService.test.ts
Check file:///D:/Users/Andrew Wilks/Projects/portfolio-card-splitter-v2/backend/__tests__/services/memberService.test.ts
Check file:///D:/Users/Andrew Wilks/Projects/portfolio-card-splitter-v2/backend/__tests__/services/merchantService.test.ts
Check file:///D:/Users/Andrew Wilks/Projects/portfolio-card-splitter-v2/backend/__tests__/services/passwordService.test.ts
Check file:///D:/Users/Andrew Wilks/Projects/portfolio-card-splitter-v2/backend/__tests__/services/paymentReconciliation.test.ts
Check file:///D:/Users/Andrew Wilks/Projects/portfolio-card-splitter-v2/backend/__tests__/services/paymentService.test.ts
Check file:///D:/Users/Andrew Wilks/Projects/portfolio-card-splitter-v2/backend/__tests__/services/potAclValidation.test.ts
Check file:///D:/Users/Andrew Wilks/Projects/portfolio-card-splitter-v2/backend/__tests__/services/potService.test.ts
Check file:///D:/Users/Andrew Wilks/Projects/portfolio-card-splitter-v2/backend/__tests__/services/reservationService.test.ts
Check file:///D:/Users/Andrew Wilks/Projects/portfolio-card-splitter-v2/backend/__tests__/services/reservationValidation.test.ts
Check file:///D:/Users/Andrew Wilks/Projects/portfolio-card-splitter-v2/backend/__tests__/services/sessionService.test.ts
Check file:///D:/Users/Andrew Wilks/Projects/portfolio-card-splitter-v2/backend/__tests__/services/transactionService.test.ts
Check file:///D:/Users/Andrew Wilks/Projects/portfolio-card-splitter-v2/backend/__tests__/services/transactionValidation.test.ts
Check file:///D:/Users/Andrew Wilks/Projects/portfolio-card-splitter-v2/backend/__tests__/services/transferService.test.ts
Check file:///D:/Users/Andrew Wilks/Projects/portfolio-card-splitter-v2/backend/__tests__/testHelpers.ts
Check file:///D:/Users/Andrew Wilks/Projects/portfolio-card-splitter-v2/backend/config.ts
Check file:///D:/Users/Andrew Wilks/Projects/portfolio-card-splitter-v2/backend/db/db.client.ts
Check file:///D:/Users/Andrew Wilks/Projects/portfolio-card-splitter-v2/backend/db/db.schema.ts
Check file:///D:/Users/Andrew Wilks/Projects/portfolio-card-splitter-v2/backend/db/drizzle.config.ts
Check file:///D:/Users/Andrew Wilks/Projects/portfolio-card-splitter-v2/backend/db/helpers/clearData.ts
Check file:///D:/Users/Andrew Wilks/Projects/portfolio-card-splitter-v2/backend/db/index.ts
Check file:///D:/Users/Andrew Wilks/Projects/portfolio-card-splitter-v2/backend/db/schema/enums/allocationRule.ts
Check file:///D:/Users/Andrew Wilks/Projects/portfolio-card-splitter-v2/backend/db/schema/enums/eventType.ts
Check file:///D:/Users/Andrew Wilks/Projects/portfolio-card-splitter-v2/backend/db/schema/enums/index.ts
Check file:///D:/Users/Andrew Wilks/Projects/portfolio-card-splitter-v2/backend/db/schema/enums/potType.ts
Check file:///D:/Users/Andrew Wilks/Projects/portfolio-card-splitter-v2/backend/db/schema/enums/transactionType.ts
Check file:///D:/Users/Andrew Wilks/Projects/portfolio-card-splitter-v2/backend/db/schema/enums/userRole.ts
Check file:///D:/Users/Andrew Wilks/Projects/portfolio-card-splitter-v2/backend/db/schema/relations/allocationsRelations.ts
Check file:///D:/Users/Andrew Wilks/Projects/portfolio-card-splitter-v2/backend/db/schema/relations/eventsRelations.ts
Check file:///D:/Users/Andrew Wilks/Projects/portfolio-card-splitter-v2/backend/db/schema/relations/index.ts
Check file:///D:/Users/Andrew Wilks/Projects/portfolio-card-splitter-v2/backend/db/schema/relations/inviteTokensRelations.ts
Check file:///D:/Users/Andrew Wilks/Projects/portfolio-card-splitter-v2/backend/db/schema/relations/membersRelations.ts
Check file:///D:/Users/Andrew Wilks/Projects/portfolio-card-splitter-v2/backend/db/schema/relations/merchantsRelations.ts
Check file:///D:/Users/Andrew Wilks/Projects/portfolio-card-splitter-v2/backend/db/schema/relations/passwordResetTokensRelations.ts
Check file:///D:/Users/Andrew Wilks/Projects/portfolio-card-splitter-v2/backend/db/schema/relations/paymentsRelations.ts
Check file:///D:/Users/Andrew Wilks/Projects/portfolio-card-splitter-v2/backend/db/schema/relations/potsRelations.ts
Check file:///D:/Users/Andrew Wilks/Projects/portfolio-card-splitter-v2/backend/db/schema/relations/reservationsRelations.ts
Check file:///D:/Users/Andrew Wilks/Projects/portfolio-card-splitter-v2/backend/db/schema/relations/sessionsRelations.ts
Check file:///D:/Users/Andrew Wilks/Projects/portfolio-card-splitter-v2/backend/db/schema/relations/tagsRelations.ts
Check file:///D:/Users/Andrew Wilks/Projects/portfolio-card-splitter-v2/backend/db/schema/relations/transactionsRelations.ts
Check file:///D:/Users/Andrew Wilks/Projects/portfolio-card-splitter-v2/backend/db/schema/relations/transfersRelations.ts
Check file:///D:/Users/Andrew Wilks/Projects/portfolio-card-splitter-v2/backend/db/schema/relations/usersRelations.ts
Check file:///D:/Users/Andrew Wilks/Projects/portfolio-card-splitter-v2/backend/db/schema/tables/allocations.ts
Check file:///D:/Users/Andrew Wilks/Projects/portfolio-card-splitter-v2/backend/db/schema/tables/base/entity.ts
Check file:///D:/Users/Andrew Wilks/Projects/portfolio-card-splitter-v2/backend/db/schema/tables/base/token.ts
Check file:///D:/Users/Andrew Wilks/Projects/portfolio-card-splitter-v2/backend/db/schema/tables/cardAccountSettings.ts
Check file:///D:/Users/Andrew Wilks/Projects/portfolio-card-splitter-v2/backend/db/schema/tables/cardAccounts.ts
Check file:///D:/Users/Andrew Wilks/Projects/portfolio-card-splitter-v2/backend/db/schema/tables/cards.ts
Check file:///D:/Users/Andrew Wilks/Projects/portfolio-card-splitter-v2/backend/db/schema/tables/events.ts
Check file:///D:/Users/Andrew Wilks/Projects/portfolio-card-splitter-v2/backend/db/schema/tables/index.ts
Check file:///D:/Users/Andrew Wilks/Projects/portfolio-card-splitter-v2/backend/db/schema/tables/inviteTokens.ts
Check file:///D:/Users/Andrew Wilks/Projects/portfolio-card-splitter-v2/backend/db/schema/tables/members.ts
Check file:///D:/Users/Andrew Wilks/Projects/portfolio-card-splitter-v2/backend/db/schema/tables/merchants.ts
Check file:///D:/Users/Andrew Wilks/Projects/portfolio-card-splitter-v2/backend/db/schema/tables/passwordResetTokens.ts
Check file:///D:/Users/Andrew Wilks/Projects/portfolio-card-splitter-v2/backend/db/schema/tables/payment.ts
Check file:///D:/Users/Andrew Wilks/Projects/portfolio-card-splitter-v2/backend/db/schema/tables/pots.ts
Check file:///D:/Users/Andrew Wilks/Projects/portfolio-card-splitter-v2/backend/db/schema/tables/reservations.ts
Check file:///D:/Users/Andrew Wilks/Projects/portfolio-card-splitter-v2/backend/db/schema/tables/sessions.ts
Check file:///D:/Users/Andrew Wilks/Projects/portfolio-card-splitter-v2/backend/db/schema/tables/tags.ts
Check file:///D:/Users/Andrew Wilks/Projects/portfolio-card-splitter-v2/backend/db/schema/tables/transactionTags.ts
Check file:///D:/Users/Andrew Wilks/Projects/portfolio-card-splitter-v2/backend/db/schema/tables/transactions.ts
Check file:///D:/Users/Andrew Wilks/Projects/portfolio-card-splitter-v2/backend/db/schema/tables/transfers.ts
Check file:///D:/Users/Andrew Wilks/Projects/portfolio-card-splitter-v2/backend/db/schema/tables/users.ts
Check file:///D:/Users/Andrew Wilks/Projects/portfolio-card-splitter-v2/backend/di/index.ts
Check file:///D:/Users/Andrew Wilks/Projects/portfolio-card-splitter-v2/backend/di/repositories.ts
Check file:///D:/Users/Andrew Wilks/Projects/portfolio-card-splitter-v2/backend/di/routes.ts
Check file:///D:/Users/Andrew Wilks/Projects/portfolio-card-splitter-v2/backend/di/services.ts
Check file:///D:/Users/Andrew Wilks/Projects/portfolio-card-splitter-v2/backend/index.ts
Check file:///D:/Users/Andrew Wilks/Projects/portfolio-card-splitter-v2/backend/middleware/auth.ts
Check file:///D:/Users/Andrew Wilks/Projects/portfolio-card-splitter-v2/backend/middleware/error.ts
Check file:///D:/Users/Andrew Wilks/Projects/portfolio-card-splitter-v2/backend/middleware/index.ts
Check file:///D:/Users/Andrew Wilks/Projects/portfolio-card-splitter-v2/backend/middleware/validation.ts
Check file:///D:/Users/Andrew Wilks/Projects/portfolio-card-splitter-v2/backend/repositories/allocationRepository.ts
Check file:///D:/Users/Andrew Wilks/Projects/portfolio-card-splitter-v2/backend/repositories/base/entityTableMap.ts
Check file:///D:/Users/Andrew Wilks/Projects/portfolio-card-splitter-v2/backend/repositories/base/repository.ts
Check file:///D:/Users/Andrew Wilks/Projects/portfolio-card-splitter-v2/backend/repositories/cardAccountRepository.ts
Check file:///D:/Users/Andrew Wilks/Projects/portfolio-card-splitter-v2/backend/repositories/cardAccountSettingsRepository.ts
Check file:///D:/Users/Andrew Wilks/Projects/portfolio-card-splitter-v2/backend/repositories/cardRepository.ts
Check file:///D:/Users/Andrew Wilks/Projects/portfolio-card-splitter-v2/backend/repositories/eventRepository.ts
Check file:///D:/Users/Andrew Wilks/Projects/portfolio-card-splitter-v2/backend/repositories/index.ts
Check file:///D:/Users/Andrew Wilks/Projects/portfolio-card-splitter-v2/backend/repositories/inviteTokenRepository.ts
Check file:///D:/Users/Andrew Wilks/Projects/portfolio-card-splitter-v2/backend/repositories/memberRepository.ts
Check file:///D:/Users/Andrew Wilks/Projects/portfolio-card-splitter-v2/backend/repositories/merchantRepository.ts
Check file:///D:/Users/Andrew Wilks/Projects/portfolio-card-splitter-v2/backend/repositories/passwordResetTokenRepository.ts
Check file:///D:/Users/Andrew Wilks/Projects/portfolio-card-splitter-v2/backend/repositories/paymentRepository.ts
Check file:///D:/Users/Andrew Wilks/Projects/portfolio-card-splitter-v2/backend/repositories/potRepository.ts
Check file:///D:/Users/Andrew Wilks/Projects/portfolio-card-splitter-v2/backend/repositories/reservationRepository.ts
Check file:///D:/Users/Andrew Wilks/Projects/portfolio-card-splitter-v2/backend/repositories/sessionRepository.ts
Check file:///D:/Users/Andrew Wilks/Projects/portfolio-card-splitter-v2/backend/repositories/tagRepository.ts
Check file:///D:/Users/Andrew Wilks/Projects/portfolio-card-splitter-v2/backend/repositories/transactionRepository.ts
Check file:///D:/Users/Andrew Wilks/Projects/portfolio-card-splitter-v2/backend/repositories/transferRepository.ts
Check file:///D:/Users/Andrew Wilks/Projects/portfolio-card-splitter-v2/backend/repositories/userRepository.ts
Check file:///D:/Users/Andrew Wilks/Projects/portfolio-card-splitter-v2/backend/routes/auth/api_auth_acceptInvite.ts
Check file:///D:/Users/Andrew Wilks/Projects/portfolio-card-splitter-v2/backend/routes/auth/api_auth_bootstrap.ts
Check file:///D:/Users/Andrew Wilks/Projects/portfolio-card-splitter-v2/backend/routes/auth/api_auth_invite.ts
Check file:///D:/Users/Andrew Wilks/Projects/portfolio-card-splitter-v2/backend/routes/auth/api_auth_login.ts
Check file:///D:/Users/Andrew Wilks/Projects/portfolio-card-splitter-v2/backend/routes/auth/api_auth_logout.ts
Check file:///D:/Users/Andrew Wilks/Projects/portfolio-card-splitter-v2/backend/routes/auth/api_auth_requestReset.ts
Check file:///D:/Users/Andrew Wilks/Projects/portfolio-card-splitter-v2/backend/routes/auth/api_auth_resetPassword.ts
Check file:///D:/Users/Andrew Wilks/Projects/portfolio-card-splitter-v2/backend/routes/cardAccounts/api_card_account_settings_get.ts
Check file:///D:/Users/Andrew Wilks/Projects/portfolio-card-splitter-v2/backend/routes/cardAccounts/api_card_account_settings_reset.ts
Check file:///D:/Users/Andrew Wilks/Projects/portfolio-card-splitter-v2/backend/routes/cardAccounts/api_card_account_settings_update.ts
Check file:///D:/Users/Andrew Wilks/Projects/portfolio-card-splitter-v2/backend/routes/cardAccounts/api_card_accounts_create.ts
Check file:///D:/Users/Andrew Wilks/Projects/portfolio-card-splitter-v2/backend/routes/cardAccounts/api_card_accounts_delete.ts
Check file:///D:/Users/Andrew Wilks/Projects/portfolio-card-splitter-v2/backend/routes/cardAccounts/api_card_accounts_get.ts
Check file:///D:/Users/Andrew Wilks/Projects/portfolio-card-splitter-v2/backend/routes/cardAccounts/api_card_accounts_list.ts
Check file:///D:/Users/Andrew Wilks/Projects/portfolio-card-splitter-v2/backend/routes/cardAccounts/api_card_accounts_update.ts
Check file:///D:/Users/Andrew Wilks/Projects/portfolio-card-splitter-v2/backend/routes/cards/api_cards_create.ts
Check file:///D:/Users/Andrew Wilks/Projects/portfolio-card-splitter-v2/backend/routes/cards/api_cards_delete.ts
Check file:///D:/Users/Andrew Wilks/Projects/portfolio-card-splitter-v2/backend/routes/cards/api_cards_get.ts
Check file:///D:/Users/Andrew Wilks/Projects/portfolio-card-splitter-v2/backend/routes/cards/api_cards_list.ts
Check file:///D:/Users/Andrew Wilks/Projects/portfolio-card-splitter-v2/backend/routes/cards/api_cards_update.ts
Check file:///D:/Users/Andrew Wilks/Projects/portfolio-card-splitter-v2/backend/routes/events/api_events_stream.ts
Check file:///D:/Users/Andrew Wilks/Projects/portfolio-card-splitter-v2/backend/routes/index.ts
Check file:///D:/Users/Andrew Wilks/Projects/portfolio-card-splitter-v2/backend/routes/ledger/api_audit_get.ts
Check file:///D:/Users/Andrew Wilks/Projects/portfolio-card-splitter-v2/backend/routes/ledger/api_ledger_get.ts
Check file:///D:/Users/Andrew Wilks/Projects/portfolio-card-splitter-v2/backend/routes/members/api_member_create.ts
Check file:///D:/Users/Andrew Wilks/Projects/portfolio-card-splitter-v2/backend/routes/members/api_member_list.ts
Check file:///D:/Users/Andrew Wilks/Projects/portfolio-card-splitter-v2/backend/routes/members/api_member_update.ts
Check file:///D:/Users/Andrew Wilks/Projects/portfolio-card-splitter-v2/backend/routes/merchants/api_merchants_create.ts
Check file:///D:/Users/Andrew Wilks/Projects/portfolio-card-splitter-v2/backend/routes/merchants/api_merchants_list.ts
Check file:///D:/Users/Andrew Wilks/Projects/portfolio-card-splitter-v2/backend/routes/merchants/api_merchants_update.ts
Check file:///D:/Users/Andrew Wilks/Projects/portfolio-card-splitter-v2/backend/routes/payments/api_payments_create.ts
Check file:///D:/Users/Andrew Wilks/Projects/portfolio-card-splitter-v2/backend/routes/pots/api_pots_create.ts
Check file:///D:/Users/Andrew Wilks/Projects/portfolio-card-splitter-v2/backend/routes/pots/api_pots_deposit.ts
Check file:///D:/Users/Andrew Wilks/Projects/portfolio-card-splitter-v2/backend/routes/pots/api_pots_list.ts
Check file:///D:/Users/Andrew Wilks/Projects/portfolio-card-splitter-v2/backend/routes/pots/api_pots_update.ts
Check file:///D:/Users/Andrew Wilks/Projects/portfolio-card-splitter-v2/backend/routes/reservations/api_reservations_create.ts
Check file:///D:/Users/Andrew Wilks/Projects/portfolio-card-splitter-v2/backend/routes/reservations/api_reservations_delete.ts
Check file:///D:/Users/Andrew Wilks/Projects/portfolio-card-splitter-v2/backend/routes/root.ts
Check file:///D:/Users/Andrew Wilks/Projects/portfolio-card-splitter-v2/backend/routes/tags/api_tags_create.ts
Check file:///D:/Users/Andrew Wilks/Projects/portfolio-card-splitter-v2/backend/routes/tags/api_tags_list.ts
Check file:///D:/Users/Andrew Wilks/Projects/portfolio-card-splitter-v2/backend/routes/tags/api_tags_update.ts
Check file:///D:/Users/Andrew Wilks/Projects/portfolio-card-splitter-v2/backend/routes/transactions/api_transactions_create.ts
Check file:///D:/Users/Andrew Wilks/Projects/portfolio-card-splitter-v2/backend/routes/transactions/api_transactions_list.ts
Check file:///D:/Users/Andrew Wilks/Projects/portfolio-card-splitter-v2/backend/routes/transactions/api_transactions_update.ts
Check file:///D:/Users/Andrew Wilks/Projects/portfolio-card-splitter-v2/backend/routes/transfers/api_transfers_create.ts
Check file:///D:/Users/Andrew Wilks/Projects/portfolio-card-splitter-v2/backend/routes/users/api_users_create.ts
Check file:///D:/Users/Andrew Wilks/Projects/portfolio-card-splitter-v2/backend/routes/users/api_users_delete.ts
Check file:///D:/Users/Andrew Wilks/Projects/portfolio-card-splitter-v2/backend/routes/users/api_users_get.ts
Check file:///D:/Users/Andrew Wilks/Projects/portfolio-card-splitter-v2/backend/routes/users/api_users_list.ts
Check file:///D:/Users/Andrew Wilks/Projects/portfolio-card-splitter-v2/backend/routes/users/api_users_update.ts
Check file:///D:/Users/Andrew Wilks/Projects/portfolio-card-splitter-v2/backend/server.ts
Check file:///D:/Users/Andrew Wilks/Projects/portfolio-card-splitter-v2/backend/services/auditService.ts
Check file:///D:/Users/Andrew Wilks/Projects/portfolio-card-splitter-v2/backend/services/authService.ts
Check file:///D:/Users/Andrew Wilks/Projects/portfolio-card-splitter-v2/backend/services/cardAccountService.ts
Check file:///D:/Users/Andrew Wilks/Projects/portfolio-card-splitter-v2/backend/services/cardAccountSettingsService.ts
Check file:///D:/Users/Andrew Wilks/Projects/portfolio-card-splitter-v2/backend/services/cardService.ts
Check file:///D:/Users/Andrew Wilks/Projects/portfolio-card-splitter-v2/backend/services/index.ts
Check file:///D:/Users/Andrew Wilks/Projects/portfolio-card-splitter-v2/backend/services/ledgerService.ts
Check file:///D:/Users/Andrew Wilks/Projects/portfolio-card-splitter-v2/backend/services/memberService.ts
Check file:///D:/Users/Andrew Wilks/Projects/portfolio-card-splitter-v2/backend/services/merchantService.ts
Check file:///D:/Users/Andrew Wilks/Projects/portfolio-card-splitter-v2/backend/services/passwordService.ts
Check file:///D:/Users/Andrew Wilks/Projects/portfolio-card-splitter-v2/backend/services/paymentService.ts
Check file:///D:/Users/Andrew Wilks/Projects/portfolio-card-splitter-v2/backend/services/potService.ts
Check file:///D:/Users/Andrew Wilks/Projects/portfolio-card-splitter-v2/backend/services/reservationService.ts
Check file:///D:/Users/Andrew Wilks/Projects/portfolio-card-splitter-v2/backend/services/sessionService.ts
Check file:///D:/Users/Andrew Wilks/Projects/portfolio-card-splitter-v2/backend/services/transactionService.ts
Check file:///D:/Users/Andrew Wilks/Projects/portfolio-card-splitter-v2/backend/services/transferService.ts
Check file:///D:/Users/Andrew Wilks/Projects/portfolio-card-splitter-v2/backend/services/userService.ts
Check file:///D:/Users/Andrew Wilks/Projects/portfolio-card-splitter-v2/shared/__tests__/entities/allocation.test.ts
Check file:///D:/Users/Andrew Wilks/Projects/portfolio-card-splitter-v2/shared/__tests__/entities/base/entity.test.ts
Check file:///D:/Users/Andrew Wilks/Projects/portfolio-card-splitter-v2/shared/__tests__/entities/base/token.test.ts
Check file:///D:/Users/Andrew Wilks/Projects/portfolio-card-splitter-v2/shared/__tests__/entities/card.test.ts
Check file:///D:/Users/Andrew Wilks/Projects/portfolio-card-splitter-v2/shared/__tests__/entities/cardAccount.test.ts
Check file:///D:/Users/Andrew Wilks/Projects/portfolio-card-splitter-v2/shared/__tests__/entities/cardAccountSettings.test.ts
Check file:///D:/Users/Andrew Wilks/Projects/portfolio-card-splitter-v2/shared/__tests__/entities/event.test.ts
Check file:///D:/Users/Andrew Wilks/Projects/portfolio-card-splitter-v2/shared/__tests__/entities/index.test.ts
Check file:///D:/Users/Andrew Wilks/Projects/portfolio-card-splitter-v2/shared/__tests__/entities/inviteToken.test.ts
Check file:///D:/Users/Andrew Wilks/Projects/portfolio-card-splitter-v2/shared/__tests__/entities/member.test.ts
Check file:///D:/Users/Andrew Wilks/Projects/portfolio-card-splitter-v2/shared/__tests__/entities/merchant.test.ts
Check file:///D:/Users/Andrew Wilks/Projects/portfolio-card-splitter-v2/shared/__tests__/entities/passwordResetToken.test.ts
Check file:///D:/Users/Andrew Wilks/Projects/portfolio-card-splitter-v2/shared/__tests__/entities/payment.test.ts
Check file:///D:/Users/Andrew Wilks/Projects/portfolio-card-splitter-v2/shared/__tests__/entities/pot.test.ts
Check file:///D:/Users/Andrew Wilks/Projects/portfolio-card-splitter-v2/shared/__tests__/entities/reservation.test.ts
Check file:///D:/Users/Andrew Wilks/Projects/portfolio-card-splitter-v2/shared/__tests__/entities/session.test.ts
Check file:///D:/Users/Andrew Wilks/Projects/portfolio-card-splitter-v2/shared/__tests__/entities/tag.test.ts
Check file:///D:/Users/Andrew Wilks/Projects/portfolio-card-splitter-v2/shared/__tests__/entities/transaction.test.ts
Check file:///D:/Users/Andrew Wilks/Projects/portfolio-card-splitter-v2/shared/__tests__/entities/transfer.test.ts
Check file:///D:/Users/Andrew Wilks/Projects/portfolio-card-splitter-v2/shared/__tests__/entities/user.test.ts
Check file:///D:/Users/Andrew Wilks/Projects/portfolio-card-splitter-v2/shared/__tests__/services/passwordService.test.ts
Check file:///D:/Users/Andrew Wilks/Projects/portfolio-card-splitter-v2/shared/__tests__/utilities/caseConverter.test.ts
Check file:///D:/Users/Andrew Wilks/Projects/portfolio-card-splitter-v2/shared/entities/allocation.ts
Check file:///D:/Users/Andrew Wilks/Projects/portfolio-card-splitter-v2/shared/entities/allocationRule.ts
Check file:///D:/Users/Andrew Wilks/Projects/portfolio-card-splitter-v2/shared/entities/base/entity.ts
Check file:///D:/Users/Andrew Wilks/Projects/portfolio-card-splitter-v2/shared/entities/base/token.ts
Check file:///D:/Users/Andrew Wilks/Projects/portfolio-card-splitter-v2/shared/entities/card.ts
Check file:///D:/Users/Andrew Wilks/Projects/portfolio-card-splitter-v2/shared/entities/cardAccount.ts
Check file:///D:/Users/Andrew Wilks/Projects/portfolio-card-splitter-v2/shared/entities/cardAccountSettings.ts
Check file:///D:/Users/Andrew Wilks/Projects/portfolio-card-splitter-v2/shared/entities/entities.map.ts
Check file:///D:/Users/Andrew Wilks/Projects/portfolio-card-splitter-v2/shared/entities/event.ts
Check file:///D:/Users/Andrew Wilks/Projects/portfolio-card-splitter-v2/shared/entities/index.ts
Check file:///D:/Users/Andrew Wilks/Projects/portfolio-card-splitter-v2/shared/entities/inviteToken.ts
Check file:///D:/Users/Andrew Wilks/Projects/portfolio-card-splitter-v2/shared/entities/member.ts
Check file:///D:/Users/Andrew Wilks/Projects/portfolio-card-splitter-v2/shared/entities/merchant.ts
Check file:///D:/Users/Andrew Wilks/Projects/portfolio-card-splitter-v2/shared/entities/passwordResetToken.ts
Check file:///D:/Users/Andrew Wilks/Projects/portfolio-card-splitter-v2/shared/entities/payment.ts
Check file:///D:/Users/Andrew Wilks/Projects/portfolio-card-splitter-v2/shared/entities/pot.ts
Check file:///D:/Users/Andrew Wilks/Projects/portfolio-card-splitter-v2/shared/entities/reservation.ts
Check file:///D:/Users/Andrew Wilks/Projects/portfolio-card-splitter-v2/shared/entities/session.ts
Check file:///D:/Users/Andrew Wilks/Projects/portfolio-card-splitter-v2/shared/entities/tag.ts
Check file:///D:/Users/Andrew Wilks/Projects/portfolio-card-splitter-v2/shared/entities/transaction.ts
Check file:///D:/Users/Andrew Wilks/Projects/portfolio-card-splitter-v2/shared/entities/transfer.ts
Check file:///D:/Users/Andrew Wilks/Projects/portfolio-card-splitter-v2/shared/entities/user.ts
Check file:///D:/Users/Andrew Wilks/Projects/portfolio-card-splitter-v2/shared/services/index.ts
Check file:///D:/Users/Andrew Wilks/Projects/portfolio-card-splitter-v2/shared/services/passwordService.ts
Check file:///D:/Users/Andrew Wilks/Projects/portfolio-card-splitter-v2/shared/types.ts
Check file:///D:/Users/Andrew Wilks/Projects/portfolio-card-splitter-v2/shared/utilities/calculateAmountUsingBasisPoints.ts
Check file:///D:/Users/Andrew Wilks/Projects/portfolio-card-splitter-v2/shared/utilities/calculateExpirationDate.ts
Check file:///D:/Users/Andrew Wilks/Projects/portfolio-card-splitter-v2/shared/utilities/caseConverter.ts
Check file:///D:/Users/Andrew Wilks/Projects/portfolio-card-splitter-v2/shared/utilities/index.ts
TS2339 [ERROR]: Property 'create' does not exist on type 'typeof Merchant'.
  const merchant = Merchant.create({
                            ~~~~~~
    at file:///D:/Users/Andrew%20Wilks/Projects/portfolio-card-splitter-v2/backend/__tests__/repositories/merchantRepository.test.ts:28:29

TS2339 [ERROR]: Property 'create' does not exist on type 'typeof Merchant'.
  const merchant = Merchant.create({
                            ~~~~~~
    at file:///D:/Users/Andrew%20Wilks/Projects/portfolio-card-splitter-v2/backend/__tests__/repositories/merchantRepository.test.ts:41:29

TS2339 [ERROR]: Property 'from' does not exist on type 'typeof Merchant'.
  const merchant = Merchant.from(data);
                            ~~~~
    at file:///D:/Users/Andrew%20Wilks/Projects/portfolio-card-splitter-v2/backend/__tests__/repositories/merchantRepository.test.ts:61:29

TS2339 [ERROR]: Property 'create' does not exist on type 'typeof Merchant'.
  const merchant = Merchant.create({
                            ~~~~~~
    at file:///D:/Users/Andrew%20Wilks/Projects/portfolio-card-splitter-v2/backend/__tests__/repositories/merchantRepository.test.ts:70:29

TS2769 [ERROR]: No overload matches this call.
  Overload 1 of 2, '(value: { description: string | SQL<unknown> | Placeholder<string, any>; cardAccountId: string | SQL<unknown> | Placeholder<string, any>; merchantId: string | SQL<...> | Placeholder<...>; ... 8 more ...; cardId?: string | ... 3 more ... | undefined; }): PgInsertBase<...>', gave the following error.
    Argument of type '{ merchantId: string; description: string; amountCents: Cents; transactionDate: Date; createdById: string; }' is not assignable to parameter of type '{ description: string | SQL<unknown> | Placeholder<string, any>; cardAccountId: string | SQL<unknown> | Placeholder<string, any>; merchantId: string | SQL<...> | Placeholder<...>; ... 8 more ...; cardId?: string | ... 3 more ... | undefined; }'.
      Property 'cardAccountId' is missing in type '{ merchantId: string; description: string; amountCents: Cents; transactionDate: Date; createdById: string; }' but required in type '{ description: string | SQL<unknown> | Placeholder<string, any>; cardAccountId: string | SQL<unknown> | Placeholder<string, any>; merchantId: string | SQL<...> | Placeholder<...>; ... 8 more ...; cardId?: string | ... 3 more ... | undefined; }'.
  Overload 2 of 2, '(values: { description: string | SQL<unknown> | Placeholder<string, any>; cardAccountId: string | SQL<unknown> | Placeholder<string, any>; merchantId: string | SQL<...> | Placeholder<...>; ... 8 more ...; cardId?: string | ... 3 more ... | undefined; }[]): PgInsertBase<...>', gave the following error.
    Object literal may only specify known properties, and 'merchantId' does not exist in type '{ description: string | SQL<unknown> | Placeholder<string, any>; cardAccountId: string | SQL<unknown> | Placeholder<string, any>; merchantId: string | SQL<...> | Placeholder<...>; ... 8 more ...; cardId?: string | ... 3 more ... | undefined; }[]'.
        .values({
         ~~~~~~
    at file:///D:/Users/Andrew%20Wilks/Projects/portfolio-card-splitter-v2/backend/__tests__/repositories/paymentRepository.test.ts:48:10

TS2769 [ERROR]: No overload matches this call.
  Overload 1 of 2, '(value: { description: string | SQL<unknown> | Placeholder<string, any>; cardAccountId: string | SQL<unknown> | Placeholder<string, any>; merchantId: string | SQL<...> | Placeholder<...>; ... 8 more ...; cardId?: string | ... 3 more ... | undefined; }): PgInsertBase<...>', gave the following error.
    Argument of type '{ merchantId: string; description: string; amountCents: Cents; transactionDate: Date; createdById: string; }' is not assignable to parameter of type '{ description: string | SQL<unknown> | Placeholder<string, any>; cardAccountId: string | SQL<unknown> | Placeholder<string, any>; merchantId: string | SQL<...> | Placeholder<...>; ... 8 more ...; cardId?: string | ... 3 more ... | undefined; }'.
      Property 'cardAccountId' is missing in type '{ merchantId: string; description: string; amountCents: Cents; transactionDate: Date; createdById: string; }' but required in type '{ description: string | SQL<unknown> | Placeholder<string, any>; cardAccountId: string | SQL<unknown> | Placeholder<string, any>; merchantId: string | SQL<...> | Placeholder<...>; ... 8 more ...; cardId?: string | ... 3 more ... | undefined; }'.
  Overload 2 of 2, '(values: { description: string | SQL<unknown> | Placeholder<string, any>; cardAccountId: string | SQL<unknown> | Placeholder<string, any>; merchantId: string | SQL<...> | Placeholder<...>; ... 8 more ...; cardId?: string | ... 3 more ... | undefined; }[]): PgInsertBase<...>', gave the following error.
    Object literal may only specify known properties, and 'merchantId' does not exist in type '{ description: string | SQL<unknown> | Placeholder<string, any>; cardAccountId: string | SQL<unknown> | Placeholder<string, any>; merchantId: string | SQL<...> | Placeholder<...>; ... 8 more ...; cardId?: string | ... 3 more ... | undefined; }[]'.
        .values({
         ~~~~~~
    at file:///D:/Users/Andrew%20Wilks/Projects/portfolio-card-splitter-v2/backend/__tests__/repositories/paymentRepository.test.ts:113:10

TS2769 [ERROR]: No overload matches this call.
  Overload 1 of 2, '(value: { description: string | SQL<unknown> | Placeholder<string, any>; cardAccountId: string | SQL<unknown> | Placeholder<string, any>; merchantId: string | SQL<...> | Placeholder<...>; ... 8 more ...; cardId?: string | ... 3 more ... | undefined; }): PgInsertBase<...>', gave the following error.
    Argument of type '{ merchantId: string; description: string; amountCents: Cents; transactionDate: Date; createdById: string; }' is not assignable to parameter of type '{ description: string | SQL<unknown> | Placeholder<string, any>; cardAccountId: string | SQL<unknown> | Placeholder<string, any>; merchantId: string | SQL<...> | Placeholder<...>; ... 8 more ...; cardId?: string | ... 3 more ... | undefined; }'.
      Property 'cardAccountId' is missing in type '{ merchantId: string; description: string; amountCents: Cents; transactionDate: Date; createdById: string; }' but required in type '{ description: string | SQL<unknown> | Placeholder<string, any>; cardAccountId: string | SQL<unknown> | Placeholder<string, any>; merchantId: string | SQL<...> | Placeholder<...>; ... 8 more ...; cardId?: string | ... 3 more ... | undefined; }'.
  Overload 2 of 2, '(values: { description: string | SQL<unknown> | Placeholder<string, any>; cardAccountId: string | SQL<unknown> | Placeholder<string, any>; merchantId: string | SQL<...> | Placeholder<...>; ... 8 more ...; cardId?: string | ... 3 more ... | undefined; }[]): PgInsertBase<...>', gave the following error.
    Object literal may only specify known properties, and 'merchantId' does not exist in type '{ description: string | SQL<unknown> | Placeholder<string, any>; cardAccountId: string | SQL<unknown> | Placeholder<string, any>; merchantId: string | SQL<...> | Placeholder<...>; ... 8 more ...; cardId?: string | ... 3 more ... | undefined; }[]'.
        .values({
         ~~~~~~
    at file:///D:/Users/Andrew%20Wilks/Projects/portfolio-card-splitter-v2/backend/__tests__/repositories/paymentRepository.test.ts:177:10

TS2769 [ERROR]: No overload matches this call.
  Overload 1 of 2, '(value: { description: string | SQL<unknown> | Placeholder<string, any>; cardAccountId: string | SQL<unknown> | Placeholder<string, any>; merchantId: string | SQL<...> | Placeholder<...>; ... 8 more ...; cardId?: string | ... 3 more ... | undefined; }): PgInsertBase<...>', gave the following error.
    Argument of type '{ merchantId: string; description: string; amountCents: Cents; transactionDate: Date; createdById: string; }' is not assignable to parameter of type '{ description: string | SQL<unknown> | Placeholder<string, any>; cardAccountId: string | SQL<unknown> | Placeholder<string, any>; merchantId: string | SQL<...> | Placeholder<...>; ... 8 more ...; cardId?: string | ... 3 more ... | undefined; }'.
      Property 'cardAccountId' is missing in type '{ merchantId: string; description: string; amountCents: Cents; transactionDate: Date; createdById: string; }' but required in type '{ description: string | SQL<unknown> | Placeholder<string, any>; cardAccountId: string | SQL<unknown> | Placeholder<string, any>; merchantId: string | SQL<...> | Placeholder<...>; ... 8 more ...; cardId?: string | ... 3 more ... | undefined; }'.
  Overload 2 of 2, '(values: { description: string | SQL<unknown> | Placeholder<string, any>; cardAccountId: string | SQL<unknown> | Placeholder<string, any>; merchantId: string | SQL<...> | Placeholder<...>; ... 8 more ...; cardId?: string | ... 3 more ... | undefined; }[]): PgInsertBase<...>', gave the following error.
    Object literal may only specify known properties, and 'merchantId' does not exist in type '{ description: string | SQL<unknown> | Placeholder<string, any>; cardAccountId: string | SQL<unknown> | Placeholder<string, any>; merchantId: string | SQL<...> | Placeholder<...>; ... 8 more ...; cardId?: string | ... 3 more ... | undefined; }[]'.
        .values({
         ~~~~~~
    at file:///D:/Users/Andrew%20Wilks/Projects/portfolio-card-splitter-v2/backend/__tests__/repositories/paymentRepository.test.ts:240:10

TS2339 [ERROR]: Property 'create' does not exist on type 'typeof Tag'.
  const tag = Tag.create({
                  ~~~~~~
    at file:///D:/Users/Andrew%20Wilks/Projects/portfolio-card-splitter-v2/backend/__tests__/repositories/tagRepository.test.ts:33:19

TS2339 [ERROR]: Property 'create' does not exist on type 'typeof Tag'.
  const tag = Tag.create({
                  ~~~~~~
    at file:///D:/Users/Andrew%20Wilks/Projects/portfolio-card-splitter-v2/backend/__tests__/repositories/tagRepository.test.ts:47:19

TS2339 [ERROR]: Property 'create' does not exist on type 'typeof Tag'.
    Tag.create({
        ~~~~~~
    at file:///D:/Users/Andrew%20Wilks/Projects/portfolio-card-splitter-v2/backend/__tests__/repositories/tagRepository.test.ts:59:9

TS2339 [ERROR]: Property 'from' does not exist on type 'typeof Tag'.
  const tag = Tag.from(data);
                  ~~~~
    at file:///D:/Users/Andrew%20Wilks/Projects/portfolio-card-splitter-v2/backend/__tests__/repositories/tagRepository.test.ts:80:19

TS2339 [ERROR]: Property 'create' does not exist on type 'typeof Tag'.
  const tag = Tag.create({
                  ~~~~~~
    at file:///D:/Users/Andrew%20Wilks/Projects/portfolio-card-splitter-v2/backend/__tests__/repositories/tagRepository.test.ts:89:19

TS2769 [ERROR]: No overload matches this call.
  Overload 1 of 2, '(value: { amountCents: number | SQL<unknown> | Placeholder<string, any>; id?: string | SQL<unknown> | Placeholder<string, any> | undefined; isActive?: boolean | SQL<...> | Placeholder<...> | undefined; ... 4 more ...; toPotId?: string | ... 3 more ... | undefined; }): PgInsertBase<...>', gave the following error.
    Object literal may only specify known properties, and 'createdById' does not exist in type '{ amountCents: number | SQL<unknown> | Placeholder<string, any>; id?: string | SQL<unknown> | Placeholder<string, any> | undefined; isActive?: boolean | SQL<...> | Placeholder<...> | undefined; ... 4 more ...; toPotId?: string | ... 3 more ... | undefined; }'.
  Overload 2 of 2, '(values: { amountCents: number | SQL<unknown> | Placeholder<string, any>; id?: string | SQL<unknown> | Placeholder<string, any> | undefined; isActive?: boolean | SQL<...> | Placeholder<...> | undefined; ... 4 more ...; toPotId?: string | ... 3 more ... | undefined; }[]): PgInsertBase<...>', gave the following error.
    Object literal may only specify known properties, and 'fromPotId' does not exist in type '{ amountCents: number | SQL<unknown> | Placeholder<string, any>; id?: string | SQL<unknown> | Placeholder<string, any> | undefined; isActive?: boolean | SQL<...> | Placeholder<...> | undefined; ... 4 more ...; toPotId?: string | ... 3 more ... | undefined; }[]'.
        .values({
         ~~~~~~
    at file:///D:/Users/Andrew%20Wilks/Projects/portfolio-card-splitter-v2/backend/__tests__/repositories/transferRepository.test.ts:36:10

TS2769 [ERROR]: No overload matches this call.
  Overload 1 of 2, '(value: { amountCents: number | SQL<unknown> | Placeholder<string, any>; id?: string | SQL<unknown> | Placeholder<string, any> | undefined; isActive?: boolean | SQL<...> | Placeholder<...> | undefined; ... 4 more ...; toPotId?: string | ... 3 more ... | undefined; }): PgInsertBase<...>', gave the following error.
    Object literal may only specify known properties, and 'createdById' does not exist in type '{ amountCents: number | SQL<unknown> | Placeholder<string, any>; id?: string | SQL<unknown> | Placeholder<string, any> | undefined; isActive?: boolean | SQL<...> | Placeholder<...> | undefined; ... 4 more ...; toPotId?: string | ... 3 more ... | undefined; }'.
  Overload 2 of 2, '(values: { amountCents: number | SQL<unknown> | Placeholder<string, any>; id?: string | SQL<unknown> | Placeholder<string, any> | undefined; isActive?: boolean | SQL<...> | Placeholder<...> | undefined; ... 4 more ...; toPotId?: string | ... 3 more ... | undefined; }[]): PgInsertBase<...>', gave the following error.
    Object literal may only specify known properties, and 'fromPotId' does not exist in type '{ amountCents: number | SQL<unknown> | Placeholder<string, any>; id?: string | SQL<unknown> | Placeholder<string, any> | undefined; isActive?: boolean | SQL<...> | Placeholder<...> | undefined; ... 4 more ...; toPotId?: string | ... 3 more ... | undefined; }[]'.
        .values({
         ~~~~~~
    at file:///D:/Users/Andrew%20Wilks/Projects/portfolio-card-splitter-v2/backend/__tests__/repositories/transferRepository.test.ts:80:10

TS2769 [ERROR]: No overload matches this call.
  Overload 1 of 2, '(value: { amountCents: number | SQL<unknown> | Placeholder<string, any>; id?: string | SQL<unknown> | Placeholder<string, any> | undefined; isActive?: boolean | SQL<...> | Placeholder<...> | undefined; ... 4 more ...; toPotId?: string | ... 3 more ... | undefined; }): PgInsertBase<...>', gave the following error.
    Object literal may only specify known properties, and 'createdById' does not exist in type '{ amountCents: number | SQL<unknown> | Placeholder<string, any>; id?: string | SQL<unknown> | Placeholder<string, any> | undefined; isActive?: boolean | SQL<...> | Placeholder<...> | undefined; ... 4 more ...; toPotId?: string | ... 3 more ... | undefined; }'.
  Overload 2 of 2, '(values: { amountCents: number | SQL<unknown> | Placeholder<string, any>; id?: string | SQL<unknown> | Placeholder<string, any> | undefined; isActive?: boolean | SQL<...> | Placeholder<...> | undefined; ... 4 more ...; toPotId?: string | ... 3 more ... | undefined; }[]): PgInsertBase<...>', gave the following error.
    Object literal may only specify known properties, and 'fromPotId' does not exist in type '{ amountCents: number | SQL<unknown> | Placeholder<string, any>; id?: string | SQL<unknown> | Placeholder<string, any> | undefined; isActive?: boolean | SQL<...> | Placeholder<...> | undefined; ... 4 more ...; toPotId?: string | ... 3 more ... | undefined; }[]'.
        .values({
         ~~~~~~
    at file:///D:/Users/Andrew%20Wilks/Projects/portfolio-card-splitter-v2/backend/__tests__/repositories/transferRepository.test.ts:133:10

TS2769 [ERROR]: No overload matches this call.
  Overload 1 of 2, '(value: { amountCents: number | SQL<unknown> | Placeholder<string, any>; id?: string | SQL<unknown> | Placeholder<string, any> | undefined; isActive?: boolean | SQL<...> | Placeholder<...> | undefined; ... 4 more ...; toPotId?: string | ... 3 more ... | undefined; }): PgInsertBase<...>', gave the following error.
    Object literal may only specify known properties, and 'createdById' does not exist in type '{ amountCents: number | SQL<unknown> | Placeholder<string, any>; id?: string | SQL<unknown> | Placeholder<string, any> | undefined; isActive?: boolean | SQL<...> | Placeholder<...> | undefined; ... 4 more ...; toPotId?: string | ... 3 more ... | undefined; }'.
  Overload 2 of 2, '(values: { amountCents: number | SQL<unknown> | Placeholder<string, any>; id?: string | SQL<unknown> | Placeholder<string, any> | undefined; isActive?: boolean | SQL<...> | Placeholder<...> | undefined; ... 4 more ...; toPotId?: string | ... 3 more ... | undefined; }[]): PgInsertBase<...>', gave the following error.
    Object literal may only specify known properties, and 'fromPotId' does not exist in type '{ amountCents: number | SQL<unknown> | Placeholder<string, any>; id?: string | SQL<unknown> | Placeholder<string, any> | undefined; isActive?: boolean | SQL<...> | Placeholder<...> | undefined; ... 4 more ...; toPotId?: string | ... 3 more ... | undefined; }[]'.
            .values({
             ~~~~~~
    at file:///D:/Users/Andrew%20Wilks/Projects/portfolio-card-splitter-v2/backend/__tests__/repositories/transferRepository.test.ts:170:14

TS2339 [ERROR]: Property 'create' does not exist on type 'typeof User'.
const dummyUser = User.create({
                       ~~~~~~
    at file:///D:/Users/Andrew%20Wilks/Projects/portfolio-card-splitter-v2/backend/__tests__/repositories/userRepository.test.ts:17:24

TS2345 [ERROR]: Argument of type '"user"' is not assignable to parameter of type 'UserRole'.
    const usersByRole = await userRepo.findByRole(role);
                                                  ~~~~
    at file:///D:/Users/Andrew%20Wilks/Projects/portfolio-card-splitter-v2/backend/__tests__/repositories/userRepository.test.ts:83:51

TS2554 [ERROR]: Expected 5 arguments, but got 4.
      const reservationService = new ReservationService(
                                 ^
    at file:///D:/Users/Andrew%20Wilks/Projects/portfolio-card-splitter-v2/backend/__tests__/services/paymentReconciliation.test.ts:42:34

    An argument for 'allocationRepo' was not provided.
        private allocationRepo: AllocationRepository
        ~~~~~~~~~~~~~~~~~~~~~~~~~~~~~~~~~~~~~~~~~~~~
        at file:///D:/Users/Andrew%20Wilks/Projects/portfolio-card-splitter-v2/backend/services/reservationService.ts:20:5

TS2769 [ERROR]: No overload matches this call.
  Overload 1 of 2, '(value: { userId: string | SQL<unknown> | Placeholder<string, any>; displayName: string | SQL<unknown> | Placeholder<string, any>; id?: string | SQL<unknown> | Placeholder<...> | undefined; isActive?: boolean | ... 2 more ... | undefined; createdAt?: Date | ... 2 more ... | undefined; updatedAt?: Date | ... 2 more ... | undefined; }): PgInsertBase<...>', gave the following error.
    Object literal may only specify known properties, and 'potId' does not exist in type '{ userId: string | SQL<unknown> | Placeholder<string, any>; displayName: string | SQL<unknown> | Placeholder<string, any>; id?: string | SQL<unknown> | Placeholder<...> | undefined; isActive?: boolean | ... 2 more ... | undefined; createdAt?: Date | ... 2 more ... | undefined; updatedAt?: Date | ... 2 more ... | und...'.
  Overload 2 of 2, '(values: { userId: string | SQL<unknown> | Placeholder<string, any>; displayName: string | SQL<unknown> | Placeholder<string, any>; id?: string | SQL<unknown> | Placeholder<...> | undefined; isActive?: boolean | ... 2 more ... | undefined; createdAt?: Date | ... 2 more ... | undefined; updatedAt?: Date | ... 2 more ... | undefined; }[]): PgInsertBase<...>', gave the following error.
    Object literal may only specify known properties, and 'potId' does not exist in type '{ userId: string | SQL<unknown> | Placeholder<string, any>; displayName: string | SQL<unknown> | Placeholder<string, any>; id?: string | SQL<unknown> | Placeholder<...> | undefined; isActive?: boolean | ... 2 more ... | undefined; createdAt?: Date | ... 2 more ... | undefined; updatedAt?: Date | ... 2 more ... | und...'.
          potId: pot.id,
          ~~~~~
    at file:///D:/Users/Andrew%20Wilks/Projects/portfolio-card-splitter-v2/backend/__tests__/services/paymentReconciliation.test.ts:72:11

TS2769 [ERROR]: No overload matches this call.
  Overload 1 of 2, '(value: { name: string | SQL<unknown> | Placeholder<string, any>; issuer: string | SQL<unknown> | Placeholder<string, any>; last4: string | SQL<unknown> | Placeholder<...>; ... 6 more ...; creditLimitCents?: number | ... 3 more ... | undefined; }): PgInsertBase<...>', gave the following error.
    Object literal may only specify known properties, and 'potId' does not exist in type '{ name: string | SQL<unknown> | Placeholder<string, any>; issuer: string | SQL<unknown> | Placeholder<string, any>; last4: string | SQL<unknown> | Placeholder<string, any>; ... 6 more ...; creditLimitCents?: number | ... 3 more ... | undefined; }'.
  Overload 2 of 2, '(values: { name: string | SQL<unknown> | Placeholder<string, any>; issuer: string | SQL<unknown> | Placeholder<string, any>; last4: string | SQL<unknown> | Placeholder<...>; ... 6 more ...; creditLimitCents?: number | ... 3 more ... | undefined; }[]): PgInsertBase<...>', gave the following error.
    Object literal may only specify known properties, and 'potId' does not exist in type '{ name: string | SQL<unknown> | Placeholder<string, any>; issuer: string | SQL<unknown> | Placeholder<string, any>; last4: string | SQL<unknown> | Placeholder<string, any>; ... 6 more ...; creditLimitCents?: number | ... 3 more ... | undefined; }[]'.
          potId: pot.id,
          ~~~~~
    at file:///D:/Users/Andrew%20Wilks/Projects/portfolio-card-splitter-v2/backend/__tests__/services/paymentReconciliation.test.ts:88:11

TS2554 [ERROR]: Expected 5 arguments, but got 4.
      const reservationService = new ReservationService(
                                 ^
    at file:///D:/Users/Andrew%20Wilks/Projects/portfolio-card-splitter-v2/backend/__tests__/services/paymentReconciliation.test.ts:158:34

    An argument for 'allocationRepo' was not provided.
        private allocationRepo: AllocationRepository
        ~~~~~~~~~~~~~~~~~~~~~~~~~~~~~~~~~~~~~~~~~~~~
        at file:///D:/Users/Andrew%20Wilks/Projects/portfolio-card-splitter-v2/backend/services/reservationService.ts:20:5

TS2769 [ERROR]: No overload matches this call.
  Overload 1 of 2, '(value: { userId: string | SQL<unknown> | Placeholder<string, any>; displayName: string | SQL<unknown> | Placeholder<string, any>; id?: string | SQL<unknown> | Placeholder<...> | undefined; isActive?: boolean | ... 2 more ... | undefined; createdAt?: Date | ... 2 more ... | undefined; updatedAt?: Date | ... 2 more ... | undefined; }): PgInsertBase<...>', gave the following error.
    Object literal may only specify known properties, and 'potId' does not exist in type '{ userId: string | SQL<unknown> | Placeholder<string, any>; displayName: string | SQL<unknown> | Placeholder<string, any>; id?: string | SQL<unknown> | Placeholder<...> | undefined; isActive?: boolean | ... 2 more ... | undefined; createdAt?: Date | ... 2 more ... | undefined; updatedAt?: Date | ... 2 more ... | und...'.
  Overload 2 of 2, '(values: { userId: string | SQL<unknown> | Placeholder<string, any>; displayName: string | SQL<unknown> | Placeholder<string, any>; id?: string | SQL<unknown> | Placeholder<...> | undefined; isActive?: boolean | ... 2 more ... | undefined; createdAt?: Date | ... 2 more ... | undefined; updatedAt?: Date | ... 2 more ... | undefined; }[]): PgInsertBase<...>', gave the following error.
    Object literal may only specify known properties, and 'potId' does not exist in type '{ userId: string | SQL<unknown> | Placeholder<string, any>; displayName: string | SQL<unknown> | Placeholder<string, any>; id?: string | SQL<unknown> | Placeholder<...> | undefined; isActive?: boolean | ... 2 more ... | undefined; createdAt?: Date | ... 2 more ... | undefined; updatedAt?: Date | ... 2 more ... | und...'.
          potId: pot.id,
          ~~~~~
    at file:///D:/Users/Andrew%20Wilks/Projects/portfolio-card-splitter-v2/backend/__tests__/services/paymentReconciliation.test.ts:188:11

TS2769 [ERROR]: No overload matches this call.
  Overload 1 of 2, '(value: { name: string | SQL<unknown> | Placeholder<string, any>; issuer: string | SQL<unknown> | Placeholder<string, any>; last4: string | SQL<unknown> | Placeholder<...>; ... 6 more ...; creditLimitCents?: number | ... 3 more ... | undefined; }): PgInsertBase<...>', gave the following error.
    Object literal may only specify known properties, and 'potId' does not exist in type '{ name: string | SQL<unknown> | Placeholder<string, any>; issuer: string | SQL<unknown> | Placeholder<string, any>; last4: string | SQL<unknown> | Placeholder<string, any>; ... 6 more ...; creditLimitCents?: number | ... 3 more ... | undefined; }'.
  Overload 2 of 2, '(values: { name: string | SQL<unknown> | Placeholder<string, any>; issuer: string | SQL<unknown> | Placeholder<string, any>; last4: string | SQL<unknown> | Placeholder<...>; ... 6 more ...; creditLimitCents?: number | ... 3 more ... | undefined; }[]): PgInsertBase<...>', gave the following error.
    Object literal may only specify known properties, and 'potId' does not exist in type '{ name: string | SQL<unknown> | Placeholder<string, any>; issuer: string | SQL<unknown> | Placeholder<string, any>; last4: string | SQL<unknown> | Placeholder<string, any>; ... 6 more ...; creditLimitCents?: number | ... 3 more ... | undefined; }[]'.
          potId: pot.id,
          ~~~~~
    at file:///D:/Users/Andrew%20Wilks/Projects/portfolio-card-splitter-v2/backend/__tests__/services/paymentReconciliation.test.ts:204:11

TS2769 [ERROR]: No overload matches this call.
  Overload 1 of 2, '(value: { name: string | SQL<unknown> | Placeholder<string, any>; issuer: string | SQL<unknown> | Placeholder<string, any>; last4: string | SQL<unknown> | Placeholder<...>; ... 6 more ...; creditLimitCents?: number | ... 3 more ... | undefined; }): PgInsertBase<...>', gave the following error.
    Object literal may only specify known properties, and 'potId' does not exist in type '{ name: string | SQL<unknown> | Placeholder<string, any>; issuer: string | SQL<unknown> | Placeholder<string, any>; last4: string | SQL<unknown> | Placeholder<string, any>; ... 6 more ...; creditLimitCents?: number | ... 3 more ... | undefined; }'.
  Overload 2 of 2, '(values: { name: string | SQL<unknown> | Placeholder<string, any>; issuer: string | SQL<unknown> | Placeholder<string, any>; last4: string | SQL<unknown> | Placeholder<...>; ... 6 more ...; creditLimitCents?: number | ... 3 more ... | undefined; }[]): PgInsertBase<...>', gave the following error.
    Object literal may only specify known properties, and 'potId' does not exist in type '{ name: string | SQL<unknown> | Placeholder<string, any>; issuer: string | SQL<unknown> | Placeholder<string, any>; last4: string | SQL<unknown> | Placeholder<string, any>; ... 6 more ...; creditLimitCents?: number | ... 3 more ... | undefined; }[]'.
          potId: pot.id,
          ~~~~~
    at file:///D:/Users/Andrew%20Wilks/Projects/portfolio-card-splitter-v2/backend/__tests__/services/paymentReconciliation.test.ts:295:11

TS2554 [ERROR]: Expected 5 arguments, but got 4.
      const reservationService = new ReservationService(
                                 ^
    at file:///D:/Users/Andrew%20Wilks/Projects/portfolio-card-splitter-v2/backend/__tests__/services/paymentReconciliation.test.ts:350:34

    An argument for 'allocationRepo' was not provided.
        private allocationRepo: AllocationRepository
        ~~~~~~~~~~~~~~~~~~~~~~~~~~~~~~~~~~~~~~~~~~~~
        at file:///D:/Users/Andrew%20Wilks/Projects/portfolio-card-splitter-v2/backend/services/reservationService.ts:20:5

TS2769 [ERROR]: No overload matches this call.
  Overload 1 of 2, '(value: { userId: string | SQL<unknown> | Placeholder<string, any>; displayName: string | SQL<unknown> | Placeholder<string, any>; id?: string | SQL<unknown> | Placeholder<...> | undefined; isActive?: boolean | ... 2 more ... | undefined; createdAt?: Date | ... 2 more ... | undefined; updatedAt?: Date | ... 2 more ... | undefined; }): PgInsertBase<...>', gave the following error.
    Object literal may only specify known properties, and 'potId' does not exist in type '{ userId: string | SQL<unknown> | Placeholder<string, any>; displayName: string | SQL<unknown> | Placeholder<string, any>; id?: string | SQL<unknown> | Placeholder<...> | undefined; isActive?: boolean | ... 2 more ... | undefined; createdAt?: Date | ... 2 more ... | undefined; updatedAt?: Date | ... 2 more ... | und...'.
  Overload 2 of 2, '(values: { userId: string | SQL<unknown> | Placeholder<string, any>; displayName: string | SQL<unknown> | Placeholder<string, any>; id?: string | SQL<unknown> | Placeholder<...> | undefined; isActive?: boolean | ... 2 more ... | undefined; createdAt?: Date | ... 2 more ... | undefined; updatedAt?: Date | ... 2 more ... | undefined; }[]): PgInsertBase<...>', gave the following error.
    Object literal may only specify known properties, and 'potId' does not exist in type '{ userId: string | SQL<unknown> | Placeholder<string, any>; displayName: string | SQL<unknown> | Placeholder<string, any>; id?: string | SQL<unknown> | Placeholder<...> | undefined; isActive?: boolean | ... 2 more ... | undefined; createdAt?: Date | ... 2 more ... | undefined; updatedAt?: Date | ... 2 more ... | und...'.
          potId: pot.id,
          ~~~~~
    at file:///D:/Users/Andrew%20Wilks/Projects/portfolio-card-splitter-v2/backend/__tests__/services/paymentReconciliation.test.ts:380:11

TS2769 [ERROR]: No overload matches this call.
  Overload 1 of 2, '(value: { name: string | SQL<unknown> | Placeholder<string, any>; issuer: string | SQL<unknown> | Placeholder<string, any>; last4: string | SQL<unknown> | Placeholder<...>; ... 6 more ...; creditLimitCents?: number | ... 3 more ... | undefined; }): PgInsertBase<...>', gave the following error.
    Object literal may only specify known properties, and 'potId' does not exist in type '{ name: string | SQL<unknown> | Placeholder<string, any>; issuer: string | SQL<unknown> | Placeholder<string, any>; last4: string | SQL<unknown> | Placeholder<string, any>; ... 6 more ...; creditLimitCents?: number | ... 3 more ... | undefined; }'.
  Overload 2 of 2, '(values: { name: string | SQL<unknown> | Placeholder<string, any>; issuer: string | SQL<unknown> | Placeholder<string, any>; last4: string | SQL<unknown> | Placeholder<...>; ... 6 more ...; creditLimitCents?: number | ... 3 more ... | undefined; }[]): PgInsertBase<...>', gave the following error.
    Object literal may only specify known properties, and 'potId' does not exist in type '{ name: string | SQL<unknown> | Placeholder<string, any>; issuer: string | SQL<unknown> | Placeholder<string, any>; last4: string | SQL<unknown> | Placeholder<string, any>; ... 6 more ...; creditLimitCents?: number | ... 3 more ... | undefined; }[]'.
          potId: pot.id,
          ~~~~~
    at file:///D:/Users/Andrew%20Wilks/Projects/portfolio-card-splitter-v2/backend/__tests__/services/paymentReconciliation.test.ts:396:11

TS2769 [ERROR]: No overload matches this call.
  Overload 1 of 2, '(value: { cardAccountId: string | SQL<unknown> | Placeholder<string, any>; merchantId: string | SQL<unknown> | Placeholder<string, any>; description: string | SQL<...> | Placeholder<...>; ... 8 more ...; cardId?: string | ... 3 more ... | undefined; }): PgInsertBase<...>', gave the following error.
    Argument of type '{ merchantId: string; description: string; amountCents: Cents; type: "expense"; transactionDate: Date; createdById: string; }' is not assignable to parameter of type '{ cardAccountId: string | SQL<unknown> | Placeholder<string, any>; merchantId: string | SQL<unknown> | Placeholder<string, any>; description: string | SQL<...> | Placeholder<...>; ... 8 more ...; cardId?: string | ... 3 more ... | undefined; }'.
      Property 'cardAccountId' is missing in type '{ merchantId: string; description: string; amountCents: Cents; type: "expense"; transactionDate: Date; createdById: string; }' but required in type '{ cardAccountId: string | SQL<unknown> | Placeholder<string, any>; merchantId: string | SQL<unknown> | Placeholder<string, any>; description: string | SQL<...> | Placeholder<...>; ... 8 more ...; cardId?: string | ... 3 more ... | undefined; }'.
  Overload 2 of 2, '(values: { cardAccountId: string | SQL<unknown> | Placeholder<string, any>; merchantId: string | SQL<unknown> | Placeholder<string, any>; description: string | SQL<...> | Placeholder<...>; ... 8 more ...; cardId?: string | ... 3 more ... | undefined; }[]): PgInsertBase<...>', gave the following error.
    Object literal may only specify known properties, and 'merchantId' does not exist in type '{ cardAccountId: string | SQL<unknown> | Placeholder<string, any>; merchantId: string | SQL<unknown> | Placeholder<string, any>; description: string | SQL<...> | Placeholder<...>; ... 8 more ...; cardId?: string | ... 3 more ... | undefined; }[]'.
        .values({
         ~~~~~~
    at file:///D:/Users/Andrew%20Wilks/Projects/portfolio-card-splitter-v2/backend/__tests__/services/paymentService.test.ts:61:10

TS2769 [ERROR]: No overload matches this call.
  Overload 1 of 2, '(value: { cardAccountId: string | SQL<unknown> | Placeholder<string, any>; merchantId: string | SQL<unknown> | Placeholder<string, any>; description: string | SQL<...> | Placeholder<...>; ... 8 more ...; cardId?: string | ... 3 more ... | undefined; }): PgInsertBase<...>', gave the following error.
    Argument of type '{ merchantId: string; description: string; amountCents: Cents; type: "expense"; transactionDate: Date; createdById: string; }' is not assignable to parameter of type '{ cardAccountId: string | SQL<unknown> | Placeholder<string, any>; merchantId: string | SQL<unknown> | Placeholder<string, any>; description: string | SQL<...> | Placeholder<...>; ... 8 more ...; cardId?: string | ... 3 more ... | undefined; }'.
      Property 'cardAccountId' is missing in type '{ merchantId: string; description: string; amountCents: Cents; type: "expense"; transactionDate: Date; createdById: string; }' but required in type '{ cardAccountId: string | SQL<unknown> | Placeholder<string, any>; merchantId: string | SQL<unknown> | Placeholder<string, any>; description: string | SQL<...> | Placeholder<...>; ... 8 more ...; cardId?: string | ... 3 more ... | undefined; }'.
  Overload 2 of 2, '(values: { cardAccountId: string | SQL<unknown> | Placeholder<string, any>; merchantId: string | SQL<unknown> | Placeholder<string, any>; description: string | SQL<...> | Placeholder<...>; ... 8 more ...; cardId?: string | ... 3 more ... | undefined; }[]): PgInsertBase<...>', gave the following error.
    Object literal may only specify known properties, and 'merchantId' does not exist in type '{ cardAccountId: string | SQL<unknown> | Placeholder<string, any>; merchantId: string | SQL<unknown> | Placeholder<string, any>; description: string | SQL<...> | Placeholder<...>; ... 8 more ...; cardId?: string | ... 3 more ... | undefined; }[]'.
        .values({
         ~~~~~~
    at file:///D:/Users/Andrew%20Wilks/Projects/portfolio-card-splitter-v2/backend/__tests__/services/paymentService.test.ts:138:10

TS2769 [ERROR]: No overload matches this call.
  Overload 1 of 2, '(value: { cardAccountId: string | SQL<unknown> | Placeholder<string, any>; merchantId: string | SQL<unknown> | Placeholder<string, any>; description: string | SQL<...> | Placeholder<...>; ... 8 more ...; cardId?: string | ... 3 more ... | undefined; }): PgInsertBase<...>', gave the following error.
    Argument of type '{ merchantId: string; description: string; amountCents: Cents; type: "expense"; transactionDate: Date; createdById: string; }' is not assignable to parameter of type '{ cardAccountId: string | SQL<unknown> | Placeholder<string, any>; merchantId: string | SQL<unknown> | Placeholder<string, any>; description: string | SQL<...> | Placeholder<...>; ... 8 more ...; cardId?: string | ... 3 more ... | undefined; }'.
      Property 'cardAccountId' is missing in type '{ merchantId: string; description: string; amountCents: Cents; type: "expense"; transactionDate: Date; createdById: string; }' but required in type '{ cardAccountId: string | SQL<unknown> | Placeholder<string, any>; merchantId: string | SQL<unknown> | Placeholder<string, any>; description: string | SQL<...> | Placeholder<...>; ... 8 more ...; cardId?: string | ... 3 more ... | undefined; }'.
  Overload 2 of 2, '(values: { cardAccountId: string | SQL<unknown> | Placeholder<string, any>; merchantId: string | SQL<unknown> | Placeholder<string, any>; description: string | SQL<...> | Placeholder<...>; ... 8 more ...; cardId?: string | ... 3 more ... | undefined; }[]): PgInsertBase<...>', gave the following error.
    Object literal may only specify known properties, and 'merchantId' does not exist in type '{ cardAccountId: string | SQL<unknown> | Placeholder<string, any>; merchantId: string | SQL<unknown> | Placeholder<string, any>; description: string | SQL<...> | Placeholder<...>; ... 8 more ...; cardId?: string | ... 3 more ... | undefined; }[]'.
        .values({
         ~~~~~~
    at file:///D:/Users/Andrew%20Wilks/Projects/portfolio-card-splitter-v2/backend/__tests__/services/paymentService.test.ts:212:10

TS2554 [ERROR]: Expected 5 arguments, but got 4.
      const service = new ReservationService(
                      ^
    at file:///D:/Users/Andrew%20Wilks/Projects/portfolio-card-splitter-v2/backend/__tests__/services/reservationService.test.ts:31:23

    An argument for 'allocationRepo' was not provided.
        private allocationRepo: AllocationRepository
        ~~~~~~~~~~~~~~~~~~~~~~~~~~~~~~~~~~~~~~~~~~~~
        at file:///D:/Users/Andrew%20Wilks/Projects/portfolio-card-splitter-v2/backend/services/reservationService.ts:20:5

TS2769 [ERROR]: No overload matches this call.
  Overload 1 of 2, '(value: { cardAccountId: string | SQL<unknown> | Placeholder<string, any>; merchantId: string | SQL<unknown> | Placeholder<string, any>; description: string | SQL<...> | Placeholder<...>; ... 8 more ...; cardId?: string | ... 3 more ... | undefined; }): PgInsertBase<...>', gave the following error.
    Argument of type '{ merchantId: string; description: string; amountCents: Cents; type: "expense"; transactionDate: Date; createdById: string; }' is not assignable to parameter of type '{ cardAccountId: string | SQL<unknown> | Placeholder<string, any>; merchantId: string | SQL<unknown> | Placeholder<string, any>; description: string | SQL<...> | Placeholder<...>; ... 8 more ...; cardId?: string | ... 3 more ... | undefined; }'.
      Property 'cardAccountId' is missing in type '{ merchantId: string; description: string; amountCents: Cents; type: "expense"; transactionDate: Date; createdById: string; }' but required in type '{ cardAccountId: string | SQL<unknown> | Placeholder<string, any>; merchantId: string | SQL<unknown> | Placeholder<string, any>; description: string | SQL<...> | Placeholder<...>; ... 8 more ...; cardId?: string | ... 3 more ... | undefined; }'.
  Overload 2 of 2, '(values: { cardAccountId: string | SQL<unknown> | Placeholder<string, any>; merchantId: string | SQL<unknown> | Placeholder<string, any>; description: string | SQL<...> | Placeholder<...>; ... 8 more ...; cardId?: string | ... 3 more ... | undefined; }[]): PgInsertBase<...>', gave the following error.
    Object literal may only specify known properties, and 'merchantId' does not exist in type '{ cardAccountId: string | SQL<unknown> | Placeholder<string, any>; merchantId: string | SQL<unknown> | Placeholder<string, any>; description: string | SQL<...> | Placeholder<...>; ... 8 more ...; cardId?: string | ... 3 more ... | undefined; }[]'.
        .values({
         ~~~~~~
    at file:///D:/Users/Andrew%20Wilks/Projects/portfolio-card-splitter-v2/backend/__tests__/services/reservationService.test.ts:67:10

TS2554 [ERROR]: Expected 5 arguments, but got 4.
      const service = new ReservationService(
                      ^
    at file:///D:/Users/Andrew%20Wilks/Projects/portfolio-card-splitter-v2/backend/__tests__/services/reservationService.test.ts:115:23

    An argument for 'allocationRepo' was not provided.
        private allocationRepo: AllocationRepository
        ~~~~~~~~~~~~~~~~~~~~~~~~~~~~~~~~~~~~~~~~~~~~
        at file:///D:/Users/Andrew%20Wilks/Projects/portfolio-card-splitter-v2/backend/services/reservationService.ts:20:5

TS2769 [ERROR]: No overload matches this call.
  Overload 1 of 2, '(value: { cardAccountId: string | SQL<unknown> | Placeholder<string, any>; merchantId: string | SQL<unknown> | Placeholder<string, any>; description: string | SQL<...> | Placeholder<...>; ... 8 more ...; cardId?: string | ... 3 more ... | undefined; }): PgInsertBase<...>', gave the following error.
    Argument of type '{ merchantId: string; description: string; amountCents: Cents; type: "expense"; transactionDate: Date; createdById: string; }' is not assignable to parameter of type '{ cardAccountId: string | SQL<unknown> | Placeholder<string, any>; merchantId: string | SQL<unknown> | Placeholder<string, any>; description: string | SQL<...> | Placeholder<...>; ... 8 more ...; cardId?: string | ... 3 more ... | undefined; }'.
      Property 'cardAccountId' is missing in type '{ merchantId: string; description: string; amountCents: Cents; type: "expense"; transactionDate: Date; createdById: string; }' but required in type '{ cardAccountId: string | SQL<unknown> | Placeholder<string, any>; merchantId: string | SQL<unknown> | Placeholder<string, any>; description: string | SQL<...> | Placeholder<...>; ... 8 more ...; cardId?: string | ... 3 more ... | undefined; }'.
  Overload 2 of 2, '(values: { cardAccountId: string | SQL<unknown> | Placeholder<string, any>; merchantId: string | SQL<unknown> | Placeholder<string, any>; description: string | SQL<...> | Placeholder<...>; ... 8 more ...; cardId?: string | ... 3 more ... | undefined; }[]): PgInsertBase<...>', gave the following error.
    Object literal may only specify known properties, and 'merchantId' does not exist in type '{ cardAccountId: string | SQL<unknown> | Placeholder<string, any>; merchantId: string | SQL<unknown> | Placeholder<string, any>; description: string | SQL<...> | Placeholder<...>; ... 8 more ...; cardId?: string | ... 3 more ... | undefined; }[]'.
        .values({
         ~~~~~~
    at file:///D:/Users/Andrew%20Wilks/Projects/portfolio-card-splitter-v2/backend/__tests__/services/reservationService.test.ts:141:10

TS2554 [ERROR]: Expected 5 arguments, but got 4.
      const service = new ReservationService(
                      ^
    at file:///D:/Users/Andrew%20Wilks/Projects/portfolio-card-splitter-v2/backend/__tests__/services/reservationService.test.ts:187:23

    An argument for 'allocationRepo' was not provided.
        private allocationRepo: AllocationRepository
        ~~~~~~~~~~~~~~~~~~~~~~~~~~~~~~~~~~~~~~~~~~~~
        at file:///D:/Users/Andrew%20Wilks/Projects/portfolio-card-splitter-v2/backend/services/reservationService.ts:20:5

TS2554 [ERROR]: Expected 5 arguments, but got 4.
      const service = new ReservationService(
                      ^
    at file:///D:/Users/Andrew%20Wilks/Projects/portfolio-card-splitter-v2/backend/__tests__/services/reservationService.test.ts:249:23

    An argument for 'allocationRepo' was not provided.
        private allocationRepo: AllocationRepository
        ~~~~~~~~~~~~~~~~~~~~~~~~~~~~~~~~~~~~~~~~~~~~
        at file:///D:/Users/Andrew%20Wilks/Projects/portfolio-card-splitter-v2/backend/services/reservationService.ts:20:5

TS2769 [ERROR]: No overload matches this call.
  Overload 1 of 2, '(value: { cardAccountId: string | SQL<unknown> | Placeholder<string, any>; merchantId: string | SQL<unknown> | Placeholder<string, any>; description: string | SQL<...> | Placeholder<...>; ... 8 more ...; cardId?: string | ... 3 more ... | undefined; }): PgInsertBase<...>', gave the following error.
    Argument of type '{ merchantId: string; description: string; amountCents: Cents; type: "expense"; transactionDate: Date; createdById: string; }' is not assignable to parameter of type '{ cardAccountId: string | SQL<unknown> | Placeholder<string, any>; merchantId: string | SQL<unknown> | Placeholder<string, any>; description: string | SQL<...> | Placeholder<...>; ... 8 more ...; cardId?: string | ... 3 more ... | undefined; }'.
      Property 'cardAccountId' is missing in type '{ merchantId: string; description: string; amountCents: Cents; type: "expense"; transactionDate: Date; createdById: string; }' but required in type '{ cardAccountId: string | SQL<unknown> | Placeholder<string, any>; merchantId: string | SQL<unknown> | Placeholder<string, any>; description: string | SQL<...> | Placeholder<...>; ... 8 more ...; cardId?: string | ... 3 more ... | undefined; }'.
  Overload 2 of 2, '(values: { cardAccountId: string | SQL<unknown> | Placeholder<string, any>; merchantId: string | SQL<unknown> | Placeholder<string, any>; description: string | SQL<...> | Placeholder<...>; ... 8 more ...; cardId?: string | ... 3 more ... | undefined; }[]): PgInsertBase<...>', gave the following error.
    Object literal may only specify known properties, and 'merchantId' does not exist in type '{ cardAccountId: string | SQL<unknown> | Placeholder<string, any>; merchantId: string | SQL<unknown> | Placeholder<string, any>; description: string | SQL<...> | Placeholder<...>; ... 8 more ...; cardId?: string | ... 3 more ... | undefined; }[]'.
        .values({
         ~~~~~~
    at file:///D:/Users/Andrew%20Wilks/Projects/portfolio-card-splitter-v2/backend/__tests__/services/reservationService.test.ts:284:10

TS2554 [ERROR]: Expected 5 arguments, but got 4.
      const service = new ReservationService(
                      ^
    at file:///D:/Users/Andrew%20Wilks/Projects/portfolio-card-splitter-v2/backend/__tests__/services/reservationService.test.ts:322:23

    An argument for 'allocationRepo' was not provided.
        private allocationRepo: AllocationRepository
        ~~~~~~~~~~~~~~~~~~~~~~~~~~~~~~~~~~~~~~~~~~~~
        at file:///D:/Users/Andrew%20Wilks/Projects/portfolio-card-splitter-v2/backend/services/reservationService.ts:20:5

TS2769 [ERROR]: No overload matches this call.
  Overload 1 of 2, '(value: { cardAccountId: string | SQL<unknown> | Placeholder<string, any>; merchantId: string | SQL<unknown> | Placeholder<string, any>; description: string | SQL<...> | Placeholder<...>; ... 8 more ...; cardId?: string | ... 3 more ... | undefined; }): PgInsertBase<...>', gave the following error.
    Argument of type '{ merchantId: string; description: string; amountCents: Cents; type: "expense"; transactionDate: Date; createdById: string; }' is not assignable to parameter of type '{ cardAccountId: string | SQL<unknown> | Placeholder<string, any>; merchantId: string | SQL<unknown> | Placeholder<string, any>; description: string | SQL<...> | Placeholder<...>; ... 8 more ...; cardId?: string | ... 3 more ... | undefined; }'.
      Property 'cardAccountId' is missing in type '{ merchantId: string; description: string; amountCents: Cents; type: "expense"; transactionDate: Date; createdById: string; }' but required in type '{ cardAccountId: string | SQL<unknown> | Placeholder<string, any>; merchantId: string | SQL<unknown> | Placeholder<string, any>; description: string | SQL<...> | Placeholder<...>; ... 8 more ...; cardId?: string | ... 3 more ... | undefined; }'.
  Overload 2 of 2, '(values: { cardAccountId: string | SQL<unknown> | Placeholder<string, any>; merchantId: string | SQL<unknown> | Placeholder<string, any>; description: string | SQL<...> | Placeholder<...>; ... 8 more ...; cardId?: string | ... 3 more ... | undefined; }[]): PgInsertBase<...>', gave the following error.
    Object literal may only specify known properties, and 'merchantId' does not exist in type '{ cardAccountId: string | SQL<unknown> | Placeholder<string, any>; merchantId: string | SQL<unknown> | Placeholder<string, any>; description: string | SQL<...> | Placeholder<...>; ... 8 more ...; cardId?: string | ... 3 more ... | undefined; }[]'.
        .values({
         ~~~~~~
    at file:///D:/Users/Andrew%20Wilks/Projects/portfolio-card-splitter-v2/backend/__tests__/services/reservationService.test.ts:358:10

TS2554 [ERROR]: Expected 5 arguments, but got 4.
      const service = new ReservationService(
                      ^
    at file:///D:/Users/Andrew%20Wilks/Projects/portfolio-card-splitter-v2/backend/__tests__/services/reservationService.test.ts:406:23

    An argument for 'allocationRepo' was not provided.
        private allocationRepo: AllocationRepository
        ~~~~~~~~~~~~~~~~~~~~~~~~~~~~~~~~~~~~~~~~~~~~
        at file:///D:/Users/Andrew%20Wilks/Projects/portfolio-card-splitter-v2/backend/services/reservationService.ts:20:5

TS2769 [ERROR]: No overload matches this call.
  Overload 1 of 2, '(value: { name: string | SQL<unknown> | Placeholder<string, any>; issuer: string | SQL<unknown> | Placeholder<string, any>; last4: string | SQL<unknown> | Placeholder<...>; ... 6 more ...; creditLimitCents?: number | ... 3 more ... | undefined; }): PgInsertBase<...>', gave the following error.
    Object literal may only specify known properties, and 'potId' does not exist in type '{ name: string | SQL<unknown> | Placeholder<string, any>; issuer: string | SQL<unknown> | Placeholder<string, any>; last4: string | SQL<unknown> | Placeholder<string, any>; ... 6 more ...; creditLimitCents?: number | ... 3 more ... | undefined; }'.
  Overload 2 of 2, '(values: { name: string | SQL<unknown> | Placeholder<string, any>; issuer: string | SQL<unknown> | Placeholder<string, any>; last4: string | SQL<unknown> | Placeholder<...>; ... 6 more ...; creditLimitCents?: number | ... 3 more ... | undefined; }[]): PgInsertBase<...>', gave the following error.
    Object literal may only specify known properties, and 'potId' does not exist in type '{ name: string | SQL<unknown> | Placeholder<string, any>; issuer: string | SQL<unknown> | Placeholder<string, any>; last4: string | SQL<unknown> | Placeholder<string, any>; ... 6 more ...; creditLimitCents?: number | ... 3 more ... | undefined; }[]'.
          potId: pot.id,
          ~~~~~
    at file:///D:/Users/Andrew%20Wilks/Projects/portfolio-card-splitter-v2/backend/__tests__/services/reservationValidation.test.ts:81:11

TS2769 [ERROR]: No overload matches this call.
  Overload 1 of 2, '(value: { name: string | SQL<unknown> | Placeholder<string, any>; issuer: string | SQL<unknown> | Placeholder<string, any>; last4: string | SQL<unknown> | Placeholder<...>; ... 6 more ...; creditLimitCents?: number | ... 3 more ... | undefined; }): PgInsertBase<...>', gave the following error.
    Object literal may only specify known properties, and 'potId' does not exist in type '{ name: string | SQL<unknown> | Placeholder<string, any>; issuer: string | SQL<unknown> | Placeholder<string, any>; last4: string | SQL<unknown> | Placeholder<string, any>; ... 6 more ...; creditLimitCents?: number | ... 3 more ... | undefined; }'.
  Overload 2 of 2, '(values: { name: string | SQL<unknown> | Placeholder<string, any>; issuer: string | SQL<unknown> | Placeholder<string, any>; last4: string | SQL<unknown> | Placeholder<...>; ... 6 more ...; creditLimitCents?: number | ... 3 more ... | undefined; }[]): PgInsertBase<...>', gave the following error.
    Object literal may only specify known properties, and 'potId' does not exist in type '{ name: string | SQL<unknown> | Placeholder<string, any>; issuer: string | SQL<unknown> | Placeholder<string, any>; last4: string | SQL<unknown> | Placeholder<string, any>; ... 6 more ...; creditLimitCents?: number | ... 3 more ... | undefined; }[]'.
          potId: pot.id,
          ~~~~~
    at file:///D:/Users/Andrew%20Wilks/Projects/portfolio-card-splitter-v2/backend/__tests__/services/reservationValidation.test.ts:177:11

TS2769 [ERROR]: No overload matches this call.
  Overload 1 of 2, '(value: { memberId: string | SQL<unknown> | Placeholder<string, any>; transactionId: string | SQL<unknown> | Placeholder<string, any>; rule: AllocationRule | SQL<...> | Placeholder<...>; ... 5 more ...; amountCents?: number | ... 3 more ... | undefined; }): PgInsertBase<...>', gave the following error.
    Object literal may only specify known properties, and 'createdById' does not exist in type '{ memberId: string | SQL<unknown> | Placeholder<string, any>; transactionId: string | SQL<unknown> | Placeholder<string, any>; rule: AllocationRule | SQL<...> | Placeholder<...>; ... 5 more ...; amountCents?: number | ... 3 more ... | undefined; }'.
  Overload 2 of 2, '(values: { memberId: string | SQL<unknown> | Placeholder<string, any>; transactionId: string | SQL<unknown> | Placeholder<string, any>; rule: AllocationRule | SQL<...> | Placeholder<...>; ... 5 more ...; amountCents?: number | ... 3 more ... | undefined; }[]): PgInsertBase<...>', gave the following error.
    Object literal may only specify known properties, and 'transactionId' does not exist in type '{ memberId: string | SQL<unknown> | Placeholder<string, any>; transactionId: string | SQL<unknown> | Placeholder<string, any>; rule: AllocationRule | SQL<...> | Placeholder<...>; ... 5 more ...; amountCents?: number | ... 3 more ... | undefined; }[]'.
        .values({
         ~~~~~~
    at file:///D:/Users/Andrew%20Wilks/Projects/portfolio-card-splitter-v2/backend/__tests__/services/reservationValidation.test.ts:212:10

TS2769 [ERROR]: No overload matches this call.
  Overload 1 of 2, '(value: { name: string | SQL<unknown> | Placeholder<string, any>; issuer: string | SQL<unknown> | Placeholder<string, any>; last4: string | SQL<unknown> | Placeholder<...>; ... 6 more ...; creditLimitCents?: number | ... 3 more ... | undefined; }): PgInsertBase<...>', gave the following error.
    Object literal may only specify known properties, and 'potId' does not exist in type '{ name: string | SQL<unknown> | Placeholder<string, any>; issuer: string | SQL<unknown> | Placeholder<string, any>; last4: string | SQL<unknown> | Placeholder<string, any>; ... 6 more ...; creditLimitCents?: number | ... 3 more ... | undefined; }'.
  Overload 2 of 2, '(values: { name: string | SQL<unknown> | Placeholder<string, any>; issuer: string | SQL<unknown> | Placeholder<string, any>; last4: string | SQL<unknown> | Placeholder<...>; ... 6 more ...; creditLimitCents?: number | ... 3 more ... | undefined; }[]): PgInsertBase<...>', gave the following error.
    Object literal may only specify known properties, and 'potId' does not exist in type '{ name: string | SQL<unknown> | Placeholder<string, any>; issuer: string | SQL<unknown> | Placeholder<string, any>; last4: string | SQL<unknown> | Placeholder<string, any>; ... 6 more ...; creditLimitCents?: number | ... 3 more ... | undefined; }[]'.
          potId: pot.id,
          ~~~~~
    at file:///D:/Users/Andrew%20Wilks/Projects/portfolio-card-splitter-v2/backend/__tests__/services/reservationValidation.test.ts:305:11

TS2769 [ERROR]: No overload matches this call.
  Overload 1 of 2, '(value: { memberId: string | SQL<unknown> | Placeholder<string, any>; transactionId: string | SQL<unknown> | Placeholder<string, any>; rule: AllocationRule | SQL<...> | Placeholder<...>; ... 5 more ...; amountCents?: number | ... 3 more ... | undefined; }): PgInsertBase<...>', gave the following error.
    Object literal may only specify known properties, and 'createdById' does not exist in type '{ memberId: string | SQL<unknown> | Placeholder<string, any>; transactionId: string | SQL<unknown> | Placeholder<string, any>; rule: AllocationRule | SQL<...> | Placeholder<...>; ... 5 more ...; amountCents?: number | ... 3 more ... | undefined; }'.
  Overload 2 of 2, '(values: { memberId: string | SQL<unknown> | Placeholder<string, any>; transactionId: string | SQL<unknown> | Placeholder<string, any>; rule: AllocationRule | SQL<...> | Placeholder<...>; ... 5 more ...; amountCents?: number | ... 3 more ... | undefined; }[]): PgInsertBase<...>', gave the following error.
    Object literal may only specify known properties, and 'transactionId' does not exist in type '{ memberId: string | SQL<unknown> | Placeholder<string, any>; transactionId: string | SQL<unknown> | Placeholder<string, any>; rule: AllocationRule | SQL<...> | Placeholder<...>; ... 5 more ...; amountCents?: number | ... 3 more ... | undefined; }[]'.
        .values({
         ~~~~~~
    at file:///D:/Users/Andrew%20Wilks/Projects/portfolio-card-splitter-v2/backend/__tests__/services/reservationValidation.test.ts:327:10

TS2769 [ERROR]: No overload matches this call.
  Overload 1 of 2, '(value: { name: string | SQL<unknown> | Placeholder<string, any>; issuer: string | SQL<unknown> | Placeholder<string, any>; last4: string | SQL<unknown> | Placeholder<...>; ... 6 more ...; creditLimitCents?: number | ... 3 more ... | undefined; }): PgInsertBase<...>', gave the following error.
    Object literal may only specify known properties, and 'potId' does not exist in type '{ name: string | SQL<unknown> | Placeholder<string, any>; issuer: string | SQL<unknown> | Placeholder<string, any>; last4: string | SQL<unknown> | Placeholder<string, any>; ... 6 more ...; creditLimitCents?: number | ... 3 more ... | undefined; }'.
  Overload 2 of 2, '(values: { name: string | SQL<unknown> | Placeholder<string, any>; issuer: string | SQL<unknown> | Placeholder<string, any>; last4: string | SQL<unknown> | Placeholder<...>; ... 6 more ...; creditLimitCents?: number | ... 3 more ... | undefined; }[]): PgInsertBase<...>', gave the following error.
    Object literal may only specify known properties, and 'potId' does not exist in type '{ name: string | SQL<unknown> | Placeholder<string, any>; issuer: string | SQL<unknown> | Placeholder<string, any>; last4: string | SQL<unknown> | Placeholder<string, any>; ... 6 more ...; creditLimitCents?: number | ... 3 more ... | undefined; }[]'.
          potId: pot.id,
          ~~~~~
    at file:///D:/Users/Andrew%20Wilks/Projects/portfolio-card-splitter-v2/backend/__tests__/services/reservationValidation.test.ts:412:11

TS2769 [ERROR]: No overload matches this call.
  Overload 1 of 2, '(value: { memberId: string | SQL<unknown> | Placeholder<string, any>; transactionId: string | SQL<unknown> | Placeholder<string, any>; rule: AllocationRule | SQL<...> | Placeholder<...>; ... 5 more ...; amountCents?: number | ... 3 more ... | undefined; }): PgInsertBase<...>', gave the following error.
    Object literal may only specify known properties, and 'createdById' does not exist in type '{ memberId: string | SQL<unknown> | Placeholder<string, any>; transactionId: string | SQL<unknown> | Placeholder<string, any>; rule: AllocationRule | SQL<...> | Placeholder<...>; ... 5 more ...; amountCents?: number | ... 3 more ... | undefined; }'.
  Overload 2 of 2, '(values: { memberId: string | SQL<unknown> | Placeholder<string, any>; transactionId: string | SQL<unknown> | Placeholder<string, any>; rule: AllocationRule | SQL<...> | Placeholder<...>; ... 5 more ...; amountCents?: number | ... 3 more ... | undefined; }[]): PgInsertBase<...>', gave the following error.
    Object literal may only specify known properties, and 'transactionId' does not exist in type '{ memberId: string | SQL<unknown> | Placeholder<string, any>; transactionId: string | SQL<unknown> | Placeholder<string, any>; rule: AllocationRule | SQL<...> | Placeholder<...>; ... 5 more ...; amountCents?: number | ... 3 more ... | undefined; }[]'.
        .values({
         ~~~~~~
    at file:///D:/Users/Andrew%20Wilks/Projects/portfolio-card-splitter-v2/backend/__tests__/services/reservationValidation.test.ts:434:10

TS2769 [ERROR]: No overload matches this call.
  Overload 1 of 2, '(value: { name: string | SQL<unknown> | Placeholder<string, any>; issuer: string | SQL<unknown> | Placeholder<string, any>; last4: string | SQL<unknown> | Placeholder<...>; ... 6 more ...; creditLimitCents?: number | ... 3 more ... | undefined; }): PgInsertBase<...>', gave the following error.
    Object literal may only specify known properties, and 'potId' does not exist in type '{ name: string | SQL<unknown> | Placeholder<string, any>; issuer: string | SQL<unknown> | Placeholder<string, any>; last4: string | SQL<unknown> | Placeholder<string, any>; ... 6 more ...; creditLimitCents?: number | ... 3 more ... | undefined; }'.
  Overload 2 of 2, '(values: { name: string | SQL<unknown> | Placeholder<string, any>; issuer: string | SQL<unknown> | Placeholder<string, any>; last4: string | SQL<unknown> | Placeholder<...>; ... 6 more ...; creditLimitCents?: number | ... 3 more ... | undefined; }[]): PgInsertBase<...>', gave the following error.
    Object literal may only specify known properties, and 'potId' does not exist in type '{ name: string | SQL<unknown> | Placeholder<string, any>; issuer: string | SQL<unknown> | Placeholder<string, any>; last4: string | SQL<unknown> | Placeholder<string, any>; ... 6 more ...; creditLimitCents?: number | ... 3 more ... | undefined; }[]'.
          potId: pot.id,
          ~~~~~
    at file:///D:/Users/Andrew%20Wilks/Projects/portfolio-card-splitter-v2/backend/__tests__/services/reservationValidation.test.ts:519:11

TS2769 [ERROR]: No overload matches this call.
  Overload 1 of 2, '(value: { name: string | SQL<unknown> | Placeholder<string, any>; issuer: string | SQL<unknown> | Placeholder<string, any>; last4: string | SQL<unknown> | Placeholder<...>; ... 6 more ...; creditLimitCents?: number | ... 3 more ... | undefined; }): PgInsertBase<...>', gave the following error.
    Object literal may only specify known properties, and 'potId' does not exist in type '{ name: string | SQL<unknown> | Placeholder<string, any>; issuer: string | SQL<unknown> | Placeholder<string, any>; last4: string | SQL<unknown> | Placeholder<string, any>; ... 6 more ...; creditLimitCents?: number | ... 3 more ... | undefined; }'.
  Overload 2 of 2, '(values: { name: string | SQL<unknown> | Placeholder<string, any>; issuer: string | SQL<unknown> | Placeholder<string, any>; last4: string | SQL<unknown> | Placeholder<...>; ... 6 more ...; creditLimitCents?: number | ... 3 more ... | undefined; }[]): PgInsertBase<...>', gave the following error.
    Object literal may only specify known properties, and 'potId' does not exist in type '{ name: string | SQL<unknown> | Placeholder<string, any>; issuer: string | SQL<unknown> | Placeholder<string, any>; last4: string | SQL<unknown> | Placeholder<string, any>; ... 6 more ...; creditLimitCents?: number | ... 3 more ... | undefined; }[]'.
          potId: pot.id,
          ~~~~~
    at file:///D:/Users/Andrew%20Wilks/Projects/portfolio-card-splitter-v2/backend/__tests__/services/reservationValidation.test.ts:623:11

TS2769 [ERROR]: No overload matches this call.
  Overload 1 of 2, '(value: { name: string | SQL<unknown> | Placeholder<string, any>; issuer: string | SQL<unknown> | Placeholder<string, any>; last4: string | SQL<unknown> | Placeholder<...>; ... 6 more ...; creditLimitCents?: number | ... 3 more ... | undefined; }): PgInsertBase<...>', gave the following error.
    Object literal may only specify known properties, and 'potId' does not exist in type '{ name: string | SQL<unknown> | Placeholder<string, any>; issuer: string | SQL<unknown> | Placeholder<string, any>; last4: string | SQL<unknown> | Placeholder<string, any>; ... 6 more ...; creditLimitCents?: number | ... 3 more ... | undefined; }'.
  Overload 2 of 2, '(values: { name: string | SQL<unknown> | Placeholder<string, any>; issuer: string | SQL<unknown> | Placeholder<string, any>; last4: string | SQL<unknown> | Placeholder<...>; ... 6 more ...; creditLimitCents?: number | ... 3 more ... | undefined; }[]): PgInsertBase<...>', gave the following error.
    Object literal may only specify known properties, and 'potId' does not exist in type '{ name: string | SQL<unknown> | Placeholder<string, any>; issuer: string | SQL<unknown> | Placeholder<string, any>; last4: string | SQL<unknown> | Placeholder<string, any>; ... 6 more ...; creditLimitCents?: number | ... 3 more ... | undefined; }[]'.
          potId: pot.id,
          ~~~~~
    at file:///D:/Users/Andrew%20Wilks/Projects/portfolio-card-splitter-v2/backend/__tests__/services/reservationValidation.test.ts:718:11

TS2769 [ERROR]: No overload matches this call.
  Overload 1 of 2, '(value: { memberId: string | SQL<unknown> | Placeholder<string, any>; transactionId: string | SQL<unknown> | Placeholder<string, any>; rule: AllocationRule | SQL<...> | Placeholder<...>; ... 5 more ...; amountCents?: number | ... 3 more ... | undefined; }): PgInsertBase<...>', gave the following error.
    Object literal may only specify known properties, and 'createdById' does not exist in type '{ memberId: string | SQL<unknown> | Placeholder<string, any>; transactionId: string | SQL<unknown> | Placeholder<string, any>; rule: AllocationRule | SQL<...> | Placeholder<...>; ... 5 more ...; amountCents?: number | ... 3 more ... | undefined; }'.
  Overload 2 of 2, '(values: { memberId: string | SQL<unknown> | Placeholder<string, any>; transactionId: string | SQL<unknown> | Placeholder<string, any>; rule: AllocationRule | SQL<...> | Placeholder<...>; ... 5 more ...; amountCents?: number | ... 3 more ... | undefined; }[]): PgInsertBase<...>', gave the following error.
    Object literal may only specify known properties, and 'transactionId' does not exist in type '{ memberId: string | SQL<unknown> | Placeholder<string, any>; transactionId: string | SQL<unknown> | Placeholder<string, any>; rule: AllocationRule | SQL<...> | Placeholder<...>; ... 5 more ...; amountCents?: number | ... 3 more ... | undefined; }[]'.
        .values({
         ~~~~~~
    at file:///D:/Users/Andrew%20Wilks/Projects/portfolio-card-splitter-v2/backend/__tests__/services/reservationValidation.test.ts:740:10

TS2769 [ERROR]: No overload matches this call.
  Overload 1 of 2, '(value: { name: string | SQL<unknown> | Placeholder<string, any>; issuer: string | SQL<unknown> | Placeholder<string, any>; last4: string | SQL<unknown> | Placeholder<...>; ... 6 more ...; creditLimitCents?: number | ... 3 more ... | undefined; }): PgInsertBase<...>', gave the following error.
    Object literal may only specify known properties, and 'potId' does not exist in type '{ name: string | SQL<unknown> | Placeholder<string, any>; issuer: string | SQL<unknown> | Placeholder<string, any>; last4: string | SQL<unknown> | Placeholder<string, any>; ... 6 more ...; creditLimitCents?: number | ... 3 more ... | undefined; }'.
  Overload 2 of 2, '(values: { name: string | SQL<unknown> | Placeholder<string, any>; issuer: string | SQL<unknown> | Placeholder<string, any>; last4: string | SQL<unknown> | Placeholder<...>; ... 6 more ...; creditLimitCents?: number | ... 3 more ... | undefined; }[]): PgInsertBase<...>', gave the following error.
    Object literal may only specify known properties, and 'potId' does not exist in type '{ name: string | SQL<unknown> | Placeholder<string, any>; issuer: string | SQL<unknown> | Placeholder<string, any>; last4: string | SQL<unknown> | Placeholder<string, any>; ... 6 more ...; creditLimitCents?: number | ... 3 more ... | undefined; }[]'.
          potId: pot.id,
          ~~~~~
    at file:///D:/Users/Andrew%20Wilks/Projects/portfolio-card-splitter-v2/backend/__tests__/services/transactionValidation.test.ts:69:11

TS2769 [ERROR]: No overload matches this call.
  Overload 1 of 2, '(value: { name: string | SQL<unknown> | Placeholder<string, any>; issuer: string | SQL<unknown> | Placeholder<string, any>; last4: string | SQL<unknown> | Placeholder<...>; ... 6 more ...; creditLimitCents?: number | ... 3 more ... | undefined; }): PgInsertBase<...>', gave the following error.
    Object literal may only specify known properties, and 'potId' does not exist in type '{ name: string | SQL<unknown> | Placeholder<string, any>; issuer: string | SQL<unknown> | Placeholder<string, any>; last4: string | SQL<unknown> | Placeholder<string, any>; ... 6 more ...; creditLimitCents?: number | ... 3 more ... | undefined; }'.
  Overload 2 of 2, '(values: { name: string | SQL<unknown> | Placeholder<string, any>; issuer: string | SQL<unknown> | Placeholder<string, any>; last4: string | SQL<unknown> | Placeholder<...>; ... 6 more ...; creditLimitCents?: number | ... 3 more ... | undefined; }[]): PgInsertBase<...>', gave the following error.
    Object literal may only specify known properties, and 'potId' does not exist in type '{ name: string | SQL<unknown> | Placeholder<string, any>; issuer: string | SQL<unknown> | Placeholder<string, any>; last4: string | SQL<unknown> | Placeholder<string, any>; ... 6 more ...; creditLimitCents?: number | ... 3 more ... | undefined; }[]'.
          potId: pot.id,
          ~~~~~
    at file:///D:/Users/Andrew%20Wilks/Projects/portfolio-card-splitter-v2/backend/__tests__/services/transactionValidation.test.ts:228:11

TS2769 [ERROR]: No overload matches this call.
  Overload 1 of 2, '(value: { name: string | SQL<unknown> | Placeholder<string, any>; issuer: string | SQL<unknown> | Placeholder<string, any>; last4: string | SQL<unknown> | Placeholder<...>; ... 6 more ...; creditLimitCents?: number | ... 3 more ... | undefined; }): PgInsertBase<...>', gave the following error.
    Object literal may only specify known properties, and 'potId' does not exist in type '{ name: string | SQL<unknown> | Placeholder<string, any>; issuer: string | SQL<unknown> | Placeholder<string, any>; last4: string | SQL<unknown> | Placeholder<string, any>; ... 6 more ...; creditLimitCents?: number | ... 3 more ... | undefined; }'.
  Overload 2 of 2, '(values: { name: string | SQL<unknown> | Placeholder<string, any>; issuer: string | SQL<unknown> | Placeholder<string, any>; last4: string | SQL<unknown> | Placeholder<...>; ... 6 more ...; creditLimitCents?: number | ... 3 more ... | undefined; }[]): PgInsertBase<...>', gave the following error.
    Object literal may only specify known properties, and 'potId' does not exist in type '{ name: string | SQL<unknown> | Placeholder<string, any>; issuer: string | SQL<unknown> | Placeholder<string, any>; last4: string | SQL<unknown> | Placeholder<string, any>; ... 6 more ...; creditLimitCents?: number | ... 3 more ... | undefined; }[]'.
          potId: pot.id,
          ~~~~~
    at file:///D:/Users/Andrew%20Wilks/Projects/portfolio-card-splitter-v2/backend/__tests__/services/transactionValidation.test.ts:321:11

TS2769 [ERROR]: No overload matches this call.
  Overload 1 of 2, '(value: { name: string | SQL<unknown> | Placeholder<string, any>; issuer: string | SQL<unknown> | Placeholder<string, any>; last4: string | SQL<unknown> | Placeholder<...>; ... 6 more ...; creditLimitCents?: number | ... 3 more ... | undefined; }): PgInsertBase<...>', gave the following error.
    Object literal may only specify known properties, and 'potId' does not exist in type '{ name: string | SQL<unknown> | Placeholder<string, any>; issuer: string | SQL<unknown> | Placeholder<string, any>; last4: string | SQL<unknown> | Placeholder<string, any>; ... 6 more ...; creditLimitCents?: number | ... 3 more ... | undefined; }'.
  Overload 2 of 2, '(values: { name: string | SQL<unknown> | Placeholder<string, any>; issuer: string | SQL<unknown> | Placeholder<string, any>; last4: string | SQL<unknown> | Placeholder<...>; ... 6 more ...; creditLimitCents?: number | ... 3 more ... | undefined; }[]): PgInsertBase<...>', gave the following error.
    Object literal may only specify known properties, and 'potId' does not exist in type '{ name: string | SQL<unknown> | Placeholder<string, any>; issuer: string | SQL<unknown> | Placeholder<string, any>; last4: string | SQL<unknown> | Placeholder<string, any>; ... 6 more ...; creditLimitCents?: number | ... 3 more ... | undefined; }[]'.
          potId: pot.id,
          ~~~~~
    at file:///D:/Users/Andrew%20Wilks/Projects/portfolio-card-splitter-v2/backend/__tests__/services/transactionValidation.test.ts:414:11

TS2769 [ERROR]: No overload matches this call.
  Overload 1 of 2, '(value: { name: string | SQL<unknown> | Placeholder<string, any>; issuer: string | SQL<unknown> | Placeholder<string, any>; last4: string | SQL<unknown> | Placeholder<...>; ... 6 more ...; creditLimitCents?: number | ... 3 more ... | undefined; }): PgInsertBase<...>', gave the following error.
    Object literal may only specify known properties, and 'potId' does not exist in type '{ name: string | SQL<unknown> | Placeholder<string, any>; issuer: string | SQL<unknown> | Placeholder<string, any>; last4: string | SQL<unknown> | Placeholder<string, any>; ... 6 more ...; creditLimitCents?: number | ... 3 more ... | undefined; }'.
  Overload 2 of 2, '(values: { name: string | SQL<unknown> | Placeholder<string, any>; issuer: string | SQL<unknown> | Placeholder<string, any>; last4: string | SQL<unknown> | Placeholder<...>; ... 6 more ...; creditLimitCents?: number | ... 3 more ... | undefined; }[]): PgInsertBase<...>', gave the following error.
    Object literal may only specify known properties, and 'potId' does not exist in type '{ name: string | SQL<unknown> | Placeholder<string, any>; issuer: string | SQL<unknown> | Placeholder<string, any>; last4: string | SQL<unknown> | Placeholder<string, any>; ... 6 more ...; creditLimitCents?: number | ... 3 more ... | undefined; }[]'.
          potId: pot.id,
          ~~~~~
    at file:///D:/Users/Andrew%20Wilks/Projects/portfolio-card-splitter-v2/backend/__tests__/services/transactionValidation.test.ts:520:11

TS2304 [ERROR]: Cannot find name 'schemas'.
  return createValidatedRoute(schemas.CreateMemberSchema, (c: Context) =>
                              ~~~~~~~
    at file:///D:/Users/Andrew%20Wilks/Projects/portfolio-card-splitter-v2/backend/di/routes.ts:78:31

TS2304 [ERROR]: Cannot find name 'schemas'.
  return validateBody(schemas.UpdateMemberSchema)((c: Context) =>
                      ~~~~~~~
    at file:///D:/Users/Andrew%20Wilks/Projects/portfolio-card-splitter-v2/backend/di/routes.ts:85:23

TS2554 [ERROR]: Expected 2 arguments, but got 3.
    return routes.apiUserGet(c, userService, params);
                                             ~~~~~~
    at file:///D:/Users/Andrew%20Wilks/Projects/portfolio-card-splitter-v2/backend/di/routes.ts:99:46

TS2554 [ERROR]: Expected 2 arguments, but got 3.
    return routes.apiUserDelete(c, userService, params);
                                                ~~~~~~
    at file:///D:/Users/Andrew%20Wilks/Projects/portfolio-card-splitter-v2/backend/di/routes.ts:121:49

TS2304 [ERROR]: Cannot find name 'schemas'.
  return validateBody(schemas.CreateTransactionSchema)((c: Context) =>
                      ~~~~~~~
    at file:///D:/Users/Andrew%20Wilks/Projects/portfolio-card-splitter-v2/backend/di/routes.ts:135:23

TS2304 [ERROR]: Cannot find name 'schemas'.
  return validateBody(schemas.UpdateTransactionSchema)((c: Context) =>
                      ~~~~~~~
    at file:///D:/Users/Andrew%20Wilks/Projects/portfolio-card-splitter-v2/backend/di/routes.ts:142:23

TS2304 [ERROR]: Cannot find name 'schemas'.
  return validateBody(schemas.CreateMerchantSchema)((c: Context) =>
                      ~~~~~~~
    at file:///D:/Users/Andrew%20Wilks/Projects/portfolio-card-splitter-v2/backend/di/routes.ts:157:23

TS2304 [ERROR]: Cannot find name 'schemas'.
  return validateBody(schemas.UpdateMerchantSchema)((c: Context) =>
                      ~~~~~~~
    at file:///D:/Users/Andrew%20Wilks/Projects/portfolio-card-splitter-v2/backend/di/routes.ts:164:23

TS2304 [ERROR]: Cannot find name 'schemas'.
  return validateBody(schemas.CreateTagSchema)((c: Context) =>
                      ~~~~~~~
    at file:///D:/Users/Andrew%20Wilks/Projects/portfolio-card-splitter-v2/backend/di/routes.ts:176:23

TS2304 [ERROR]: Cannot find name 'schemas'.
  return validateBody(schemas.UpdateTagSchema)((c: Context) =>
                      ~~~~~~~
    at file:///D:/Users/Andrew%20Wilks/Projects/portfolio-card-splitter-v2/backend/di/routes.ts:183:23

TS2304 [ERROR]: Cannot find name 'schemas'.
    const query = schemas.QuerySchema.parse(c.req.query());
                  ~~~~~~~
    at file:///D:/Users/Andrew%20Wilks/Projects/portfolio-card-splitter-v2/backend/di/routes.ts:192:19

TS2304 [ERROR]: Cannot find name 'schemas'.
  return validateBody(schemas.CreatePotSchema)((c: Context) =>
                      ~~~~~~~
    at file:///D:/Users/Andrew%20Wilks/Projects/portfolio-card-splitter-v2/backend/di/routes.ts:200:23

TS2304 [ERROR]: Cannot find name 'schemas'.
  return validateBody(schemas.UpdatePotSchema)((c: Context) =>
                      ~~~~~~~
    at file:///D:/Users/Andrew%20Wilks/Projects/portfolio-card-splitter-v2/backend/di/routes.ts:207:23

TS2551 [ERROR]: Property 'createAuditService' does not exist on type 'typeof import("file:///D:/Users/Andrew%20Wilks/Projects/portfolio-card-splitter-v2/backend/di/services.ts")'. Did you mean 'createAuthService'?
  const auditService = services.createAuditService();
                                ~~~~~~~~~~~~~~~~~~
    at file:///D:/Users/Andrew%20Wilks/Projects/portfolio-card-splitter-v2/backend/di/routes.ts:250:33

    'createAuthService' is declared here.
    export function createAuthService() {
                    ~~~~~~~~~~~~~~~~~
        at file:///D:/Users/Andrew%20Wilks/Projects/portfolio-card-splitter-v2/backend/di/services.ts:7:17

Found 72 errors.

error: Type checking failed.
